Component: ARM Compiler 6.13.1 Tool: armlink [5d895400]

==============================================================================

Section Cross References

    startup_stm32f446xx.o(STACK) refers (Special) to heapauxi.o(.text) for __use_two_region_memory
    startup_stm32f446xx.o(HEAP) refers (Special) to heapauxi.o(.text) for __use_two_region_memory
    startup_stm32f446xx.o(RESET) refers (Special) to heapauxi.o(.text) for __use_two_region_memory
    startup_stm32f446xx.o(RESET) refers to startup_stm32f446xx.o(STACK) for __initial_sp
    startup_stm32f446xx.o(RESET) refers to startup_stm32f446xx.o(.text) for Reset_Handler
    startup_stm32f446xx.o(RESET) refers to stm32f4xx_it.o(.text.NMI_Handler) for NMI_Handler
    startup_stm32f446xx.o(RESET) refers to stm32f4xx_it.o(.text.HardFault_Handler) for HardFault_Handler
    startup_stm32f446xx.o(RESET) refers to stm32f4xx_it.o(.text.MemManage_Handler) for MemManage_Handler
    startup_stm32f446xx.o(RESET) refers to stm32f4xx_it.o(.text.BusFault_Handler) for BusFault_Handler
    startup_stm32f446xx.o(RESET) refers to stm32f4xx_it.o(.text.UsageFault_Handler) for UsageFault_Handler
    startup_stm32f446xx.o(RESET) refers to port.o(.text.SVC_Handler) for SVC_Handler
    startup_stm32f446xx.o(RESET) refers to stm32f4xx_it.o(.text.DebugMon_Handler) for DebugMon_Handler
    startup_stm32f446xx.o(RESET) refers to port.o(.text.PendSV_Handler) for PendSV_Handler
    startup_stm32f446xx.o(RESET) refers to port.o(.text.SysTick_Handler) for SysTick_Handler
    startup_stm32f446xx.o(RESET) refers to stm32f4xx_it.o(.text.TIM1_CC_IRQHandler) for TIM1_CC_IRQHandler
    startup_stm32f446xx.o(RESET) refers to stm32f4xx_it.o(.text.TIM6_DAC_IRQHandler) for TIM6_DAC_IRQHandler
    startup_stm32f446xx.o(.text) refers (Special) to heapauxi.o(.text) for __use_two_region_memory
    startup_stm32f446xx.o(.text) refers to system_stm32f4xx.o(.text.SystemInit) for SystemInit
    startup_stm32f446xx.o(.text) refers to __main.o(!!!main) for __main
    startup_stm32f446xx.o(.text) refers to startup_stm32f446xx.o(HEAP) for Heap_Mem
    startup_stm32f446xx.o(.text) refers to startup_stm32f446xx.o(STACK) for Stack_Mem
    main.o(.text.CAN_Tx) refers to main.o(.bss.msgTx) for msgTx
    main.o(.text.CAN_Tx) refers to main.o(.bss.hcan1) for hcan1
    main.o(.text.CAN_Tx) refers to main.o(.bss.mailbox) for mailbox
    main.o(.text.CAN_Tx) refers to main.o(.data.data) for data
    main.o(.text.CAN_Tx) refers to stm32f4xx_hal_can.o(.text.HAL_CAN_AddTxMessage) for HAL_CAN_AddTxMessage
    main.o(.text.CAN_Tx) refers to stm32f4xx_hal_can.o(.text.HAL_CAN_IsTxMessagePending) for HAL_CAN_IsTxMessagePending
    main.o(.text.CAN_Tx) refers to stm32f4xx_hal_gpio.o(.text.HAL_GPIO_TogglePin) for HAL_GPIO_TogglePin
    main.o(.ARM.exidx.text.CAN_Tx) refers to main.o(.text.CAN_Tx) for [Anonymous Symbol]
    main.o(.text.CAN_Config_filter) refers to main.o(.bss.filter) for filter
    main.o(.text.CAN_Config_filter) refers to main.o(.bss.hcan1) for hcan1
    main.o(.text.CAN_Config_filter) refers to stm32f4xx_hal_can.o(.text.HAL_CAN_ConfigFilter) for HAL_CAN_ConfigFilter
    main.o(.ARM.exidx.text.CAN_Config_filter) refers to main.o(.text.CAN_Config_filter) for [Anonymous Symbol]
    main.o(.text.CAN_Rx) refers to main.o(.bss.hcan1) for hcan1
    main.o(.text.CAN_Rx) refers to stm32f4xx_hal_can.o(.text.HAL_CAN_GetRxFifoFillLevel) for HAL_CAN_GetRxFifoFillLevel
    main.o(.text.CAN_Rx) refers to main.o(.bss.msgRx) for msgRx
    main.o(.text.CAN_Rx) refers to main.o(.bss.RecMesg) for RecMesg
    main.o(.text.CAN_Rx) refers to stm32f4xx_hal_can.o(.text.HAL_CAN_GetRxMessage) for HAL_CAN_GetRxMessage
    main.o(.text.CAN_Rx) refers to stm32f4xx_hal_gpio.o(.text.HAL_GPIO_TogglePin) for HAL_GPIO_TogglePin
    main.o(.ARM.exidx.text.CAN_Rx) refers to main.o(.text.CAN_Rx) for [Anonymous Symbol]
    main.o(.text.main) refers to stm32f4xx_hal.o(.text.HAL_Init) for HAL_Init
    main.o(.text.main) refers to main.o(.text.SystemClock_Config) for SystemClock_Config
    main.o(.text.main) refers to main.o(.text.MX_GPIO_Init) for MX_GPIO_Init
    main.o(.text.main) refers to main.o(.text.MX_DMA_Init) for MX_DMA_Init
    main.o(.text.main) refers to main.o(.text.MX_ADC1_Init) for MX_ADC1_Init
    main.o(.text.main) refers to main.o(.text.MX_CAN1_Init) for MX_CAN1_Init
    main.o(.text.main) refers to main.o(.text.MX_TIM1_Init) for MX_TIM1_Init
    main.o(.text.main) refers to main.o(.text.MX_TIM2_Init) for MX_TIM2_Init
    main.o(.text.main) refers to main.o(.text.MX_I2C1_Init) for MX_I2C1_Init
    main.o(.text.main) refers to main.o(.text.MX_SDIO_SD_Init) for MX_SDIO_SD_Init
    main.o(.text.main) refers to fatfs.o(.text.MX_FATFS_Init) for MX_FATFS_Init
    main.o(.text.main) refers to main.o(.bss.hcan1) for hcan1
    main.o(.text.main) refers to main.o(.bss.hi2c1) for hi2c1
    main.o(.text.main) refers to imu_task.o(.text.IMU_Task_INIT) for IMU_Task_INIT
[...]
    __rt_memcpy                              0x08000395   Thumb Code   138  rt_memcpy_v6.o(.text)
    _memcpy_lastbytes                        0x080003fb   Thumb Code     0  rt_memcpy_v6.o(.text)
    __aeabi_memset4                          0x0800041f   Thumb Code    16  aeabi_memset4.o(.text)
    __aeabi_memset8                          0x0800041f   Thumb Code     0  aeabi_memset4.o(.text)
    __aeabi_memclr4                          0x0800042f   Thumb Code     0  rt_memclr_w.o(.text)
    __aeabi_memclr8                          0x0800042f   Thumb Code     0  rt_memclr_w.o(.text)
    __rt_memclr_w                            0x0800042f   Thumb Code    78  rt_memclr_w.o(.text)
    _memset_w                                0x08000433   Thumb Code     0  rt_memclr_w.o(.text)
    __use_two_region_memory                  0x0800047d   Thumb Code     2  heapauxi.o(.text)
    __rt_heap_escrow$2region                 0x0800047f   Thumb Code     2  heapauxi.o(.text)
    __rt_heap_expand$2region                 0x08000481   Thumb Code     2  heapauxi.o(.text)
    __read_errno                             0x08000483   Thumb Code    10  _rserrno.o(.text)
    __set_errno                              0x0800048d   Thumb Code    12  _rserrno.o(.text)
    __aeabi_memcpy4                          0x08000499   Thumb Code     0  rt_memcpy_w.o(.text)
    __aeabi_memcpy8                          0x08000499   Thumb Code     0  rt_memcpy_w.o(.text)
    __rt_memcpy_w                            0x08000499   Thumb Code   100  rt_memcpy_w.o(.text)
    _memcpy_lastbytes_aligned                0x080004e1   Thumb Code     0  rt_memcpy_w.o(.text)
    __user_libspace                          0x080004fd   Thumb Code     8  libspace.o(.text)
    __user_perproc_libspace                  0x080004fd   Thumb Code     0  libspace.o(.text)
    __user_perthread_libspace                0x080004fd   Thumb Code     0  libspace.o(.text)
    __aeabi_errno_addr                       0x08000505   Thumb Code     8  rt_errno_addr_intlibspace.o(.text)
    __errno$intlibspace                      0x08000505   Thumb Code     0  rt_errno_addr_intlibspace.o(.text)
    __rt_errno_addr$intlibspace              0x08000505   Thumb Code     0  rt_errno_addr_intlibspace.o(.text)
    __user_setup_stackheap                   0x0800050d   Thumb Code    74  sys_stackheap_outer.o(.text)
    exit                                     0x08000557   Thumb Code    18  exit.o(.text)
    _sys_exit                                0x08000569   Thumb Code     8  sys_exit.o(.text)
    __I$use$semihosting                      0x08000575   Thumb Code     0  use_no_semi.o(.text)
    __use_no_semihosting_swi                 0x08000575   Thumb Code     2  use_no_semi.o(.text)
    __semihosting_library_function           0x08000577   Thumb Code     0  indicate_semi.o(.text)
    BNO055_Begin_uint8_t                     0x08000705   Thumb Code   392  bno055_program.o(.text.BNO055_Begin_uint8_t)
    BNO055_EulerFromQuaternion               0x08000891   Thumb Code   584  bno055_program.o(.text.BNO055_EulerFromQuaternion)
    BNO055_GetQuaternionData                 0x08000ad9   Thumb Code   164  bno055_program.o(.text.BNO055_GetQuaternionData)
    BNO055_GetThreeAxesData                  0x08000b7d   Thumb Code   608  bno055_program.o(.text.BNO055_GetThreeAxesData)
    BNO055_Handler_Init                      0x08000ddd   Thumb Code    12  bno055_program.o(.text.BNO055_Handler_Init)
    BNO055_SetExternalCrytal_Void            0x08000de9   Thumb Code   132  bno055_program.o(.text.BNO055_SetExternalCrytal_Void)
    BNO055_SetMode_Void                      0x08000e6d   Thumb Code    58  bno055_program.o(.text.BNO055_SetMode_Void)
    BSP_SD_GetCardInfo                       0x08000ea9   Thumb Code    14  bsp_driver_sd.o(.text.BSP_SD_GetCardInfo)
    BSP_SD_GetCardState                      0x08000eb9   Thumb Code    22  bsp_driver_sd.o(.text.BSP_SD_GetCardState)
    BSP_SD_Init                              0x08000ed1   Thumb Code    30  bsp_driver_sd.o(.text.BSP_SD_Init)
    BSP_SD_IsDetected                        0x08000ef1   Thumb Code    16  bsp_driver_sd.o(.text.BSP_SD_IsDetected)
    BSP_SD_ReadBlocks                        0x08000f01   Thumb Code    38  bsp_driver_sd.o(.text.BSP_SD_ReadBlocks)
    BSP_SD_WriteBlocks                       0x08000f29   Thumb Code    38  bsp_driver_sd.o(.text.BSP_SD_WriteBlocks)
    BusFault_Handler                         0x08000f51   Thumb Code     2  stm32f4xx_it.o(.text.BusFault_Handler)
    CAN_Task                                 0x08000f55   Thumb Code   276  can_task.o(.text.CAN_Task)
    CAN_Task_INIT                            0x08001069   Thumb Code    12  can_task.o(.text.CAN_Task_INIT)
    DebugMon_Handler                         0x08001131   Thumb Code     2  stm32f4xx_it.o(.text.DebugMon_Handler)
    Error_Handler                            0x08001135   Thumb Code    10  main.o(.text.Error_Handler)
    FATFS_LinkDriver                         0x08001141   Thumb Code     6  ff_gen_drv.o(.text.FATFS_LinkDriver)
    FATFS_LinkDriverEx                       0x08001149   Thumb Code    80  ff_gen_drv.o(.text.FATFS_LinkDriverEx)
    HAL_ADC_ConfigChannel                    0x08001199   Thumb Code   288  stm32f4xx_hal_adc.o(.text.HAL_ADC_ConfigChannel)
    HAL_ADC_ConvCpltCallback                 0x080012b9   Thumb Code     2  stm32f4xx_hal_adc.o(.text.HAL_ADC_ConvCpltCallback)
    HAL_ADC_ConvHalfCpltCallback             0x080012bd   Thumb Code     2  stm32f4xx_hal_adc.o(.text.HAL_ADC_ConvHalfCpltCallback)
    HAL_ADC_ErrorCallback                    0x080012c1   Thumb Code     2  stm32f4xx_hal_adc.o(.text.HAL_ADC_ErrorCallback)
    HAL_ADC_Init                             0x080012c5   Thumb Code    80  stm32f4xx_hal_adc.o(.text.HAL_ADC_Init)
    HAL_ADC_MspInit                          0x08001315   Thumb Code   224  stm32f4xx_hal_msp.o(.text.HAL_ADC_MspInit)
    HAL_ADC_Start_DMA                        0x080013f5   Thumb Code   348  stm32f4xx_hal_adc.o(.text.HAL_ADC_Start_DMA)
    HAL_CAN_AddTxMessage                     0x08001551   Thumb Code   164  stm32f4xx_hal_can.o(.text.HAL_CAN_AddTxMessage)
    HAL_CAN_Init                             0x080015f5   Thumb Code   256  stm32f4xx_hal_can.o(.text.HAL_CAN_Init)
    HAL_CAN_MspInit                          0x080016f5   Thumb Code   158  stm32f4xx_hal_msp.o(.text.HAL_CAN_MspInit)
    HAL_CAN_Start                            0x08001795   Thumb Code    90  stm32f4xx_hal_can.o(.text.HAL_CAN_Start)
    HAL_DMA_Init                             0x080017f1   Thumb Code   216  stm32f4xx_hal_dma.o(.text.HAL_DMA_Init)
    HAL_DMA_Start_IT                         0x080018c9   Thumb Code    98  stm32f4xx_hal_dma.o(.text.HAL_DMA_Start_IT)
    HAL_Delay                                0x0800192d   Thumb Code    40  stm32f4xx_hal.o(.text.HAL_Delay)
    HAL_GPIO_DeInit                          0x08001955   Thumb Code   264  stm32f4xx_hal_gpio.o(.text.HAL_GPIO_DeInit)
    HAL_GPIO_Init                            0x08001a5d   Thumb Code   426  stm32f4xx_hal_gpio.o(.text.HAL_GPIO_Init)
    HAL_GPIO_WritePin                        0x08001c09   Thumb Code    10  stm32f4xx_hal_gpio.o(.text.HAL_GPIO_WritePin)
    HAL_GetTick                              0x08001c15   Thumb Code    12  stm32f4xx_hal.o(.text.HAL_GetTick)
    HAL_I2C_DeInit                           0x08001c21   Thumb Code    54  stm32f4xx_hal_i2c.o(.text.HAL_I2C_DeInit)
    HAL_I2C_Init                             0x08001c59   Thumb Code   418  stm32f4xx_hal_i2c.o(.text.HAL_I2C_Init)
    HAL_I2C_Mem_Read                         0x08001dfd   Thumb Code   530  stm32f4xx_hal_i2c.o(.text.HAL_I2C_Mem_Read)
    HAL_I2C_Mem_Write                        0x08002011   Thumb Code   308  stm32f4xx_hal_i2c.o(.text.HAL_I2C_Mem_Write)
    HAL_I2C_MspDeInit                        0x08002145   Thumb Code    58  stm32f4xx_hal_msp.o(.text.HAL_I2C_MspDeInit)
    HAL_I2C_MspInit                          0x08002181   Thumb Code   114  stm32f4xx_hal_msp.o(.text.HAL_I2C_MspInit)
    HAL_IncTick                              0x080021f5   Thumb Code    26  stm32f4xx_hal.o(.text.HAL_IncTick)
    HAL_Init                                 0x08002211   Thumb Code    54  stm32f4xx_hal.o(.text.HAL_Init)
    HAL_InitTick                             0x08002249   Thumb Code   142  stm32f4xx_hal_timebase_tim.o(.text.HAL_InitTick)
    HAL_MspInit                              0x080022d9   Thumb Code   108  stm32f4xx_hal_msp.o(.text.HAL_MspInit)
    HAL_NVIC_EnableIRQ                       0x08002345   Thumb Code     4  stm32f4xx_hal_cortex.o(.text.HAL_NVIC_EnableIRQ)
    HAL_NVIC_SetPriority                     0x08002349   Thumb Code    32  stm32f4xx_hal_cortex.o(.text.HAL_NVIC_SetPriority)
    HAL_NVIC_SetPriorityGrouping             0x08002369   Thumb Code     4  stm32f4xx_hal_cortex.o(.text.HAL_NVIC_SetPriorityGrouping)
    HAL_RCCEx_PeriphCLKConfig                0x0800236d   Thumb Code  1070  stm32f4xx_hal_rcc_ex.o(.text.HAL_RCCEx_PeriphCLKConfig)
    HAL_RCC_ClockConfig                      0x0800279d   Thumb Code   354  stm32f4xx_hal_rcc.o(.text.HAL_RCC_ClockConfig)
    HAL_RCC_GetClockConfig                   0x08002901   Thumb Code    62  stm32f4xx_hal_rcc.o(.text.HAL_RCC_GetClockConfig)
    HAL_RCC_GetHCLKFreq                      0x08002941   Thumb Code    12  stm32f4xx_hal_rcc.o(.text.HAL_RCC_GetHCLKFreq)
    HAL_RCC_GetPCLK1Freq                     0x0800294d   Thumb Code    34  stm32f4xx_hal_rcc.o(.text.HAL_RCC_GetPCLK1Freq)
    HAL_RCC_GetPCLK2Freq                     0x08002971   Thumb Code    34  stm32f4xx_hal_rcc.o(.text.HAL_RCC_GetPCLK2Freq)
    HAL_RCC_GetSysClockFreq                  0x08002995   Thumb Code   160  stm32f4xx_hal_rcc_ex.o(.text.HAL_RCC_GetSysClockFreq)
    HAL_RCC_OscConfig                        0x08002a35   Thumb Code   918  stm32f4xx_hal_rcc_ex.o(.text.HAL_RCC_OscConfig)
    HAL_SD_GetCardCSD                        0x08002dcd   Thumb Code   376  stm32f4xx_hal_sd.o(.text.HAL_SD_GetCardCSD)
    HAL_SD_GetCardInfo                       0x08002f45   Thumb Code    36  stm32f4xx_hal_sd.o(.text.HAL_SD_GetCardInfo)
    HAL_SD_GetCardState                      0x08002f69   Thumb Code    36  stm32f4xx_hal_sd.o(.text.HAL_SD_GetCardState)
    HAL_SD_Init                              0x08002f8d   Thumb Code    62  stm32f4xx_hal_sd.o(.text.HAL_SD_Init)
    HAL_SD_InitCard                          0x08002fcd   Thumb Code   148  stm32f4xx_hal_sd.o(.text.HAL_SD_InitCard)
    HAL_SD_MspInit                           0x08003061   Thumb Code   248  stm32f4xx_hal_msp.o(.text.HAL_SD_MspInit)
    HAL_SD_ReadBlocks                        0x08003159   Thumb Code   478  stm32f4xx_hal_sd.o(.text.HAL_SD_ReadBlocks)
    HAL_SD_WriteBlocks                       0x08003339   Thumb Code   452  stm32f4xx_hal_sd.o(.text.HAL_SD_WriteBlocks)
    HAL_TIMEx_BreakCallback                  0x080034fd   Thumb Code     2  stm32f4xx_hal_tim_ex.o(.text.HAL_TIMEx_BreakCallback)
    HAL_TIMEx_CommutCallback                 0x08003501   Thumb Code     2  stm32f4xx_hal_tim_ex.o(.text.HAL_TIMEx_CommutCallback)
    HAL_TIMEx_MasterConfigSynchronization    0x08003505   Thumb Code   184  stm32f4xx_hal_tim_ex.o(.text.HAL_TIMEx_MasterConfigSynchronization)
    HAL_TIM_Base_Init                        0x080035bd   Thumb Code    90  stm32f4xx_hal_tim.o(.text.HAL_TIM_Base_Init)
    HAL_TIM_Base_MspInit                     0x08003619   Thumb Code     2  stm32f4xx_hal_tim.o(.text.HAL_TIM_Base_MspInit)
    HAL_TIM_Base_Start_IT                    0x0800361d   Thumb Code   176  stm32f4xx_hal_tim.o(.text.HAL_TIM_Base_Start_IT)
    HAL_TIM_Encoder_Init                     0x080036cd   Thumb Code   178  stm32f4xx_hal_tim.o(.text.HAL_TIM_Encoder_Init)
    HAL_TIM_Encoder_MspInit                  0x08003781   Thumb Code   108  stm32f4xx_hal_msp.o(.text.HAL_TIM_Encoder_MspInit)
    HAL_TIM_IC_CaptureCallback               0x080037ed   Thumb Code   704  proximity_task.o(.text.HAL_TIM_IC_CaptureCallback)
    HAL_TIM_IC_ConfigChannel                 0x08003aad   Thumb Code   152  stm32f4xx_hal_tim.o(.text.HAL_TIM_IC_ConfigChannel)
    HAL_TIM_IC_Init                          0x08003b45   Thumb Code    90  stm32f4xx_hal_tim.o(.text.HAL_TIM_IC_Init)
    HAL_TIM_IC_MspInit                       0x08003ba1   Thumb Code   128  stm32f4xx_hal_msp.o(.text.HAL_TIM_IC_MspInit)
    HAL_TIM_IRQHandler                       0x08003c21   Thumb Code   362  stm32f4xx_hal_tim.o(.text.HAL_TIM_IRQHandler)
    HAL_TIM_OC_DelayElapsedCallback          0x08003d8d   Thumb Code     2  stm32f4xx_hal_tim.o(.text.HAL_TIM_OC_DelayElapsedCallback)
    HAL_TIM_PWM_PulseFinishedCallback        0x08003d91   Thumb Code     2  stm32f4xx_hal_tim.o(.text.HAL_TIM_PWM_PulseFinishedCallback)
    HAL_TIM_PeriodElapsedCallback            0x08003d95   Thumb Code    20  main.o(.text.HAL_TIM_PeriodElapsedCallback)
    HAL_TIM_ReadCapturedValue                0x08003da9   Thumb Code    52  stm32f4xx_hal_tim.o(.text.HAL_TIM_ReadCapturedValue)
    HAL_TIM_TriggerCallback                  0x08003ddd   Thumb Code     2  stm32f4xx_hal_tim.o(.text.HAL_TIM_TriggerCallback)
    HardFault_Handler                        0x08003de1   Thumb Code     2  stm32f4xx_it.o(.text.HardFault_Handler)
    IMU_Task                                 0x08004219   Thumb Code   248  imu_task.o(.text.IMU_Task)
    IMU_Task_INIT                            0x08004311   Thumb Code    30  imu_task.o(.text.IMU_Task_INIT)
    MX_FATFS_Init                            0x08004445   Thumb Code    34  fatfs.o(.text.MX_FATFS_Init)
    MemManage_Handler                        0x080046e1   Thumb Code     2  stm32f4xx_it.o(.text.MemManage_Handler)
    NMI_Handler                              0x080046e5   Thumb Code     2  stm32f4xx_it.o(.text.NMI_Handler)
    PendSV_Handler                           0x08004721   Thumb Code   100  port.o(.text.PendSV_Handler)
    SDIO_ConfigData                          0x08004785   Thumb Code    38  stm32f4xx_ll_sdmmc.o(.text.SDIO_ConfigData)
    SDIO_GetCommandResponse                  0x080047ad   Thumb Code     6  stm32f4xx_ll_sdmmc.o(.text.SDIO_GetCommandResponse)
    SDIO_GetPowerState                       0x080047b5   Thumb Code     8  stm32f4xx_ll_sdmmc.o(.text.SDIO_GetPowerState)
    SDIO_GetResponse                         0x080047bd   Thumb Code     6  stm32f4xx_ll_sdmmc.o(.text.SDIO_GetResponse)
    SDIO_Init                                0x080047c5   Thumb Code    44  stm32f4xx_ll_sdmmc.o(.text.SDIO_Init)
    SDIO_PowerState_ON                       0x080047f1   Thumb Code    10  stm32f4xx_ll_sdmmc.o(.text.SDIO_PowerState_ON)
    SDIO_ReadFIFO                            0x080047fd   Thumb Code     6  stm32f4xx_ll_sdmmc.o(.text.SDIO_ReadFIFO)
    SDIO_SendCommand                         0x08004805   Thumb Code    42  stm32f4xx_ll_sdmmc.o(.text.SDIO_SendCommand)
    SDIO_WriteFIFO                           0x08004831   Thumb Code    12  stm32f4xx_ll_sdmmc.o(.text.SDIO_WriteFIFO)
    SDMMC_CmdAppCommand                      0x0800483d   Thumb Code    52  stm32f4xx_ll_sdmmc.o(.text.SDMMC_CmdAppCommand)
    SDMMC_CmdAppOperCommand                  0x08004871   Thumb Code    54  stm32f4xx_ll_sdmmc.o(.text.SDMMC_CmdAppOperCommand)
    SDMMC_CmdBlockLength                     0x080048a9   Thumb Code    52  stm32f4xx_ll_sdmmc.o(.text.SDMMC_CmdBlockLength)
    SDMMC_CmdGoIdleState                     0x080048dd   Thumb Code    42  stm32f4xx_ll_sdmmc.o(.text.SDMMC_CmdGoIdleState)
    SDMMC_CmdOperCond                        0x08004909   Thumb Code    50  stm32f4xx_ll_sdmmc.o(.text.SDMMC_CmdOperCond)
    SDMMC_CmdReadMultiBlock                  0x0800493d   Thumb Code    52  stm32f4xx_ll_sdmmc.o(.text.SDMMC_CmdReadMultiBlock)
    SDMMC_CmdReadSingleBlock                 0x08004971   Thumb Code    52  stm32f4xx_ll_sdmmc.o(.text.SDMMC_CmdReadSingleBlock)
    SDMMC_CmdSelDesel                        0x080049a5   Thumb Code    52  stm32f4xx_ll_sdmmc.o(.text.SDMMC_CmdSelDesel)
    SDMMC_CmdSendCID                         0x080049d9   Thumb Code    46  stm32f4xx_ll_sdmmc.o(.text.SDMMC_CmdSendCID)
    SDMMC_CmdSendCSD                         0x08004a09   Thumb Code    46  stm32f4xx_ll_sdmmc.o(.text.SDMMC_CmdSendCSD)
    SDMMC_CmdSendStatus                      0x08004a39   Thumb Code    52  stm32f4xx_ll_sdmmc.o(.text.SDMMC_CmdSendStatus)
    SDMMC_CmdSetRelAdd                       0x08004a6d   Thumb Code    52  stm32f4xx_ll_sdmmc.o(.text.SDMMC_CmdSetRelAdd)
    SDMMC_CmdStopTransfer                    0x08004aa1   Thumb Code    56  stm32f4xx_ll_sdmmc.o(.text.SDMMC_CmdStopTransfer)
    SDMMC_CmdWriteMultiBlock                 0x08004ad9   Thumb Code    52  stm32f4xx_ll_sdmmc.o(.text.SDMMC_CmdWriteMultiBlock)
    SDMMC_CmdWriteSingleBlock                0x08004b0d   Thumb Code    52  stm32f4xx_ll_sdmmc.o(.text.SDMMC_CmdWriteSingleBlock)
    SDMMC_GetCmdResp1                        0x08004b79   Thumb Code   344  stm32f4xx_ll_sdmmc.o(.text.SDMMC_GetCmdResp1)
    SDMMC_GetCmdResp2                        0x08004cd1   Thumb Code    92  stm32f4xx_ll_sdmmc.o(.text.SDMMC_GetCmdResp2)
    SDMMC_GetCmdResp3                        0x08004d2d   Thumb Code    76  stm32f4xx_ll_sdmmc.o(.text.SDMMC_GetCmdResp3)
    SDMMC_GetCmdResp6                        0x08004d79   Thumb Code   166  stm32f4xx_ll_sdmmc.o(.text.SDMMC_GetCmdResp6)
    SDMMC_GetCmdResp7                        0x08004e21   Thumb Code    98  stm32f4xx_ll_sdmmc.o(.text.SDMMC_GetCmdResp7)
    SD_initialize                            0x08005089   Thumb Code    34  sd_diskio.o(.text.SD_initialize)
    SD_ioctl                                 0x080050ad   Thumb Code    86  sd_diskio.o(.text.SD_ioctl)
    SD_read                                  0x08005105   Thumb Code    36  sd_diskio.o(.text.SD_read)
    SD_status                                0x08005129   Thumb Code     4  sd_diskio.o(.text.SD_status)
    SD_write                                 0x0800512d   Thumb Code    36  sd_diskio.o(.text.SD_write)
    SVC_Handler                              0x08005151   Thumb Code    36  port.o(.text.SVC_Handler)
    SysTick_Handler                          0x08005175   Thumb Code    46  port.o(.text.SysTick_Handler)
    SystemClock_Config                       0x080051a5   Thumb Code   158  main.o(.text.SystemClock_Config)
    SystemInit                               0x08005245   Thumb Code    26  system_stm32f4xx.o(.text.SystemInit)
    TIM1_CC_IRQHandler                       0x08005261   Thumb Code    12  stm32f4xx_it.o(.text.TIM1_CC_IRQHandler)
    TIM6_DAC_IRQHandler                      0x0800526d   Thumb Code    12  stm32f4xx_it.o(.text.TIM6_DAC_IRQHandler)
    TIM_Base_SetConfig                       0x08005279   Thumb Code   292  stm32f4xx_hal_tim.o(.text.TIM_Base_SetConfig)
    TIM_TI1_SetConfig                        0x0800539d   Thumb Code   168  stm32f4xx_hal_tim.o(.text.TIM_TI1_SetConfig)
    Travel_Init                              0x080054f1   Thumb Code    22  encoder.o(.text.Travel_Init)
    Travel_Task_Init                         0x08005509   Thumb Code     2  travel_task.o(.text.Travel_Task_Init)
    UsageFault_Handler                       0x0800550d   Thumb Code     2  stm32f4xx_it.o(.text.UsageFault_Handler)
    main                                     0x08005585   Thumb Code   240  main.o(.text.main)
    pvPortMalloc                             0x08005fe1   Thumb Code   312  heap_4.o(.text.pvPortMalloc)
    pxPortInitialiseStack                    0x08006119   Thumb Code    40  port.o(.text.pxPortInitialiseStack)
    uxListRemove                             0x08006141   Thumb Code    40  list.o(.text.uxListRemove)
    vListInitialise                          0x08006169   Thumb Code    22  list.o(.text.vListInitialise)
    vListInitialiseItem                      0x08006181   Thumb Code     6  list.o(.text.vListInitialiseItem)
    vListInsert                              0x08006189   Thumb Code    58  list.o(.text.vListInsert)
    vListInsertEnd                           0x080061c5   Thumb Code    28  list.o(.text.vListInsertEnd)
    vPortEnterCritical                       0x080061f5   Thumb Code    70  port.o(.text.vPortEnterCritical)
    vPortExitCritical                        0x0800623d   Thumb Code    46  port.o(.text.vPortExitCritical)
    vPortFree                                0x0800626d   Thumb Code   140  heap_4.o(.text.vPortFree)
    vPortSetupTimerInterrupt                 0x080062f9   Thumb Code    52  port.o(.text.vPortSetupTimerInterrupt)
    vPortValidateInterruptPriority           0x0800632d   Thumb Code    98  port.o(.text.vPortValidateInterruptPriority)
    vQueueAddToRegistry                      0x08006391   Thumb Code    40  queue.o(.text.vQueueAddToRegistry)
    vQueueWaitForMessageRestricted           0x080063b9   Thumb Code    70  queue.o(.text.vQueueWaitForMessageRestricted)
    vTaskInternalSetTimeOutState             0x08006401   Thumb Code    26  tasks.o(.text.vTaskInternalSetTimeOutState)
    vTaskMissedYield                         0x0800641d   Thumb Code    14  tasks.o(.text.vTaskMissedYield)
    vTaskPlaceOnEventList                    0x0800642d   Thumb Code    54  tasks.o(.text.vTaskPlaceOnEventList)
    vTaskPlaceOnEventListRestricted          0x08006465   Thumb Code    62  tasks.o(.text.vTaskPlaceOnEventListRestricted)
    vTaskStartScheduler                      0x080064a5   Thumb Code   152  tasks.o(.text.vTaskStartScheduler)
    vTaskSuspendAll                          0x0800653d   Thumb Code    16  tasks.o(.text.vTaskSuspendAll)
    vTaskSwitchContext                       0x0800654d   Thumb Code   134  tasks.o(.text.vTaskSwitchContext)
    xPortStartScheduler                      0x080065d5   Thumb Code   286  port.o(.text.xPortStartScheduler)
    xQueueGenericCreate                      0x080066f5   Thumb Code    66  queue.o(.text.xQueueGenericCreate)
    xQueueGenericReset                       0x08006739   Thumb Code   126  queue.o(.text.xQueueGenericReset)
    xQueueGenericSend                        0x080067b9   Thumb Code   418  queue.o(.text.xQueueGenericSend)
    xQueueGenericSendFromISR                 0x0800695d   Thumb Code   208  queue.o(.text.xQueueGenericSendFromISR)
    xQueueReceive                            0x08006a2d   Thumb Code   370  queue.o(.text.xQueueReceive)
    xTaskCheckForTimeOut                     0x08006ba1   Thumb Code   136  tasks.o(.text.xTaskCheckForTimeOut)
    xTaskCreate                              0x08006c29   Thumb Code    88  tasks.o(.text.xTaskCreate)
    xTaskGenericNotifyFromISR                0x08006c81   Thumb Code   314  tasks.o(.text.xTaskGenericNotifyFromISR)
    xTaskGetSchedulerState                   0x08006dbd   Thumb Code    38  tasks.o(.text.xTaskGetSchedulerState)
    xTaskGetTickCount                        0x08006de5   Thumb Code    12  tasks.o(.text.xTaskGetTickCount)
    xTaskIncrementTick                       0x08006df1   Thumb Code   356  tasks.o(.text.xTaskIncrementTick)
    xTaskPriorityDisinherit                  0x08006f55   Thumb Code   178  tasks.o(.text.xTaskPriorityDisinherit)
    xTaskRemoveFromEventList                 0x08007009   Thumb Code   144  tasks.o(.text.xTaskRemoveFromEventList)
    xTaskResumeAll                           0x08007099   Thumb Code   280  tasks.o(.text.xTaskResumeAll)
    xTimerCreateTimerTask                    0x080071b1   Thumb Code    92  timers.o(.text.xTimerCreateTimerTask)
    xTimerGenericCommand                     0x0800720d   Thumb Code   104  timers.o(.text.xTimerGenericCommand)
    __ARM_fpclassifyf                        0x08007275   Thumb Code    38  fpclassifyf.o(i.__ARM_fpclassifyf)
    __hardfp_asinf                           0x0800729d   Thumb Code   258  asinf.o(i.__hardfp_asinf)
    __hardfp_atan2f                          0x080073c9   Thumb Code   594  atan2f.o(i.__hardfp_atan2f)
    __mathlib_flt_infnan                     0x08007675   Thumb Code     6  funder.o(i.__mathlib_flt_infnan)
    __mathlib_flt_infnan2                    0x0800767b   Thumb Code     6  funder.o(i.__mathlib_flt_infnan2)
    __mathlib_flt_invalid                    0x08007681   Thumb Code    10  funder.o(i.__mathlib_flt_invalid)
    __mathlib_flt_underflow                  0x08007691   Thumb Code    10  funder.o(i.__mathlib_flt_underflow)
    sqrtf                                    0x080076a1   Thumb Code    62  sqrtf.o(i.sqrtf)
    __aeabi_d2f                              0x080076e1   Thumb Code     0  d2f.o(x$fpl$d2f)
    _d2f                                     0x080076e1   Thumb Code    98  d2f.o(x$fpl$d2f)
    __aeabi_dadd                             0x08007745   Thumb Code     0  daddsub_clz.o(x$fpl$dadd)
    _dadd                                    0x08007745   Thumb Code   332  daddsub_clz.o(x$fpl$dadd)
    __aeabi_ddiv                             0x08007895   Thumb Code     0  ddiv.o(x$fpl$ddiv)
    _ddiv                                    0x08007895   Thumb Code   552  ddiv.o(x$fpl$ddiv)
    __aeabi_dmul                             0x08007b45   Thumb Code     0  dmul.o(x$fpl$dmul)
    _dmul                                    0x08007b45   Thumb Code   332  dmul.o(x$fpl$dmul)
    __fpl_dnaninf                            0x08007c99   Thumb Code   156  dnaninf.o(x$fpl$dnaninf)
    __fpl_dretinf                            0x08007d35   Thumb Code    12  dretinf.o(x$fpl$dretinf)
    __aeabi_dsub                             0x08007d41   Thumb Code     0  daddsub_clz.o(x$fpl$dsub)
    _dsub                                    0x08007d41   Thumb Code   464  daddsub_clz.o(x$fpl$dsub)
    __aeabi_f2d                              0x08007f15   Thumb Code     0  f2d.o(x$fpl$f2d)
    _f2d                                     0x08007f15   Thumb Code    86  f2d.o(x$fpl$f2d)
    __fpl_fnaninf                            0x08007f6b   Thumb Code   140  fnaninf.o(x$fpl$fnaninf)
    _fp_init                                 0x08007ff7   Thumb Code    26  fpinit.o(x$fpl$fpinit)
    __fplib_config_fpu_vfp                   0x0800800f   Thumb Code     0  fpinit.o(x$fpl$fpinit)
    __fplib_config_pureend_doubles           0x0800800f   Thumb Code     0  fpinit.o(x$fpl$fpinit)
    __fpl_fretinf                            0x08008011   Thumb Code    10  fretinf.o(x$fpl$fretinf)
    AHBPrescTable                            0x0800801a   Data          16  system_stm32f4xx.o(.rodata.AHBPrescTable)
    __I$use$fp                               0x0800801a   Number         0  usenofp.o(x$fpl$usenofp)
    APBPrescTable                            0x0800802a   Data           8  system_stm32f4xx.o(.rodata.APBPrescTable)
    SD_Driver                                0x08008034   Data          20  sd_diskio.o(.rodata.SD_Driver)
    Region$$Table$$Base                      0x08008048   Number         0  anon$$obj.o(Region$$Table)
    Region$$Table$$Limit                     0x08008068   Number         0  anon$$obj.o(Region$$Table)
    SystemCoreClock                          0x20000004   Data           4  system_stm32f4xx.o(.data.SystemCoreClock)
    uwTickFreq                               0x20000008   Data           1  stm32f4xx_hal.o(.data.uwTickFreq)
    uwTickPrio                               0x2000000c   Data           4  stm32f4xx_hal.o(.data.uwTickPrio)
    __libspace_start                         0x20000018   Data          96  libspace.o(.bss)
    AD_buff                                  0x20000078   Data          16  encoder.o(.bss.AD_buff)
    __temporary_stack_top$libspace           0x20000078   Data           0  libspace.o(.bss)
    AVERAGE_SPEED                            0x20000088   Data           2  proximity_task.o(.bss.AVERAGE_SPEED)
    AcclerationData_Float                    0x2000008c   Data          12  imu_task.o(.bss.AcclerationData_Float)
    CAN_Task5_Handle                         0x20000098   Data           4  main.o(.bss.CAN_Task5_Handle)
    Difference_Channel_1                     0x2000009c   Data           4  proximity_task.o(.bss.Difference_Channel_1)
    Difference_Channel_2                     0x200000a0   Data           4  proximity_task.o(.bss.Difference_Channel_2)
    Difference_Channel_3                     0x200000a4   Data           4  proximity_task.o(.bss.Difference_Channel_3)
    Difference_Channel_4                     0x200000a8   Data           4  proximity_task.o(.bss.Difference_Channel_4)
    DividedAcclerationData                   0x200000ac   Data           6  imu_task.o(.bss.DividedAcclerationData)
    DividedEulerAngles                       0x200000b2   Data           6  imu_task.o(.bss.DividedEulerAngles)
    EulerAngles_Float                        0x200000b8   Data          12  imu_task.o(.bss.EulerAngles_Float)
    IC_Value1_Channel_1                      0x200000d0   Data           4  proximity_task.o(.bss.IC_Value1_Channel_1)
    IC_Value1_Channel_2                      0x200000d4   Data           4  proximity_task.o(.bss.IC_Value1_Channel_2)
    IC_Value1_Channel_3                      0x200000d8   Data           4  proximity_task.o(.bss.IC_Value1_Channel_3)
    IC_Value1_Channel_4                      0x200000dc   Data           4  proximity_task.o(.bss.IC_Value1_Channel_4)
    IC_Value2_Channel_1                      0x200000e0   Data           4  proximity_task.o(.bss.IC_Value2_Channel_1)
    IC_Value2_Channel_2                      0x200000e4   Data           4  proximity_task.o(.bss.IC_Value2_Channel_2)
    IC_Value2_Channel_3                      0x200000e8   Data           4  proximity_task.o(.bss.IC_Value2_Channel_3)
    IC_Value2_Channel_4                      0x200000ec   Data           4  proximity_task.o(.bss.IC_Value2_Channel_4)
    IMU_Task1_Handle                         0x200000f0   Data           4  main.o(.bss.IMU_Task1_Handle)
    Is_Captured_Channel_1                    0x200000f4   Data           1  proximity_task.o(.bss.Is_Captured_Channel_1)
    Is_Captured_Channel_2                    0x200000f5   Data           1  proximity_task.o(.bss.Is_Captured_Channel_2)
    Is_Captured_Channel_3                    0x200000f6   Data           1  proximity_task.o(.bss.Is_Captured_Channel_3)
    Is_Captured_Channel_4                    0x200000f7   Data           1  proximity_task.o(.bss.Is_Captured_Channel_4)
    Message_ENCODER_AND_PROXIMITY_ANGLE      0x20000108   Data           4  encoder_task.o(.bss.Message_ENCODER_AND_PROXIMITY_ANGLE)
    Proximity_Task2_Handle                   0x2000010c   Data           4  main.o(.bss.Proximity_Task2_Handle)
    SDPath                                   0x20000110   Data           4  fatfs.o(.bss.SDPath)
    WHEELS_RPM                               0x20000114   Data           8  proximity_task.o(.bss.WHEELS_RPM)
    angle                                    0x2000011c   Data           2  encoder_task.o(.bss.angle)
    disk                                     0x20000120   Data          12  ff_gen_drv.o(.bss.disk)
    frequency_Channel_1                      0x2000012c   Data           2  proximity_task.o(.bss.frequency_Channel_1)
    frequency_Channel_2                      0x2000012e   Data           2  proximity_task.o(.bss.frequency_Channel_2)
    frequency_Channel_3                      0x20000130   Data           2  proximity_task.o(.bss.frequency_Channel_3)
    frequency_Channel_4                      0x20000132   Data           2  proximity_task.o(.bss.frequency_Channel_4)
    hadc1                                    0x20000134   Data          72  main.o(.bss.hadc1)
    hcan1                                    0x2000017c   Data          40  main.o(.bss.hcan1)
    hdma_adc1                                0x200001a4   Data          96  main.o(.bss.hdma_adc1)
    hi2c1                                    0x20000204   Data          84  main.o(.bss.hi2c1)
    hsd                                      0x20000258   Data         132  main.o(.bss.hsd)
    htim1                                    0x200002dc   Data          72  main.o(.bss.htim1)
    htim2                                    0x20000324   Data          72  main.o(.bss.htim2)
    htim6                                    0x2000036c   Data          72  stm32f4xx_hal_timebase_tim.o(.bss.htim6)
    length                                   0x200003b4   Data           4  travel_task.o(.bss.length)
    pxCurrentTCB                             0x200003bc   Data           4  tasks.o(.bss.pxCurrentTCB)
    retSD                                    0x2000049c   Data           1  fatfs.o(.bss.retSD)
    status                                   0x200004a0   Data           4  main.o(.bss.status)
    uwTick                                   0x200048ac   Data           4  stm32f4xx_hal.o(.bss.uwTick)
    xQueueRegistry                           0x2000494c   Data          64  queue.o(.bss.xQueueRegistry)



==============================================================================

Memory Map of the image

  Image Entry point : 0x080001c5

  Load Region LR_IROM1 (Base: 0x08000000, Size: 0x00008080, Max: 0x00080000, ABSOLUTE)

    Execution Region ER_IROM1 (Exec base: 0x08000000, Load base: 0x08000000, Size: 0x00008068, Max: 0x00080000, ABSOLUTE)

    Exec Addr    Load Addr    Size         Type   Attr      Idx    E Section Name        Object

    0x08000000   0x08000000   0x000001c4   Data   RO            3    RESET               startup_stm32f446xx.o
    0x080001c4   0x080001c4   0x00000008   Code   RO         2586  * !!!main             c_w.l(__main.o)
    0x080001cc   0x080001cc   0x00000034   Code   RO         2914    !!!scatter          c_w.l(__scatter.o)
    0x08000200   0x08000200   0x0000001a   Code   RO         2916    !!handler_copy      c_w.l(__scatter_copy.o)
    0x0800021a   0x0800021a   0x00000002   PAD
    0x0800021c   0x0800021c   0x0000001c   Code   RO         2918    !!handler_zi        c_w.l(__scatter_zi.o)
    0x08000238   0x08000238   0x00000002   Code   RO         2826    .ARM.Collect$$libinit$$00000000  c_w.l(libinit.o)
    0x0800023a   0x0800023a   0x00000004   Code   RO         2760    .ARM.Collect$$libinit$$00000001  c_w.l(libinit2.o)
    0x0800023e   0x0800023e   0x00000000   Code   RO         2763    .ARM.Collect$$libinit$$00000004  c_w.l(libinit2.o)
    0x0800023e   0x0800023e   0x00000000   Code   RO         2766    .ARM.Collect$$libinit$$0000000A  c_w.l(libinit2.o)
    0x0800023e   0x0800023e   0x00000000   Code   RO         2768    .ARM.Collect$$libinit$$0000000C  c_w.l(libinit2.o)
    0x0800023e   0x0800023e   0x00000000   Code   RO         2770    .ARM.Collect$$libinit$$0000000E  c_w.l(libinit2.o)
    0x0800023e   0x0800023e   0x00000000   Code   RO         2773    .ARM.Collect$$libinit$$00000011  c_w.l(libinit2.o)
    0x0800023e   0x0800023e   0x00000000   Code   RO         2775    .ARM.Collect$$libinit$$00000013  c_w.l(libinit2.o)
    0x0800023e   0x0800023e   0x00000000   Code   RO         2777    .ARM.Collect$$libinit$$00000015  c_w.l(libinit2.o)
    0x0800023e   0x0800023e   0x00000000   Code   RO         2779    .ARM.Collect$$libinit$$00000017  c_w.l(libinit2.o)
    0x0800023e   0x0800023e   0x00000000   Code   RO         2781    .ARM.Collect$$libinit$$00000019  c_w.l(libinit2.o)
    0x0800023e   0x0800023e   0x00000000   Code   RO         2783    .ARM.Collect$$libinit$$0000001B  c_w.l(libinit2.o)
    0x0800023e   0x0800023e   0x00000000   Code   RO         2785    .ARM.Collect$$libinit$$0000001D  c_w.l(libinit2.o)
    0x0800023e   0x0800023e   0x00000000   Code   RO         2787    .ARM.Collect$$libinit$$0000001F  c_w.l(libinit2.o)
    0x0800023e   0x0800023e   0x00000000   Code   RO         2789    .ARM.Collect$$libinit$$00000021  c_w.l(libinit2.o)
    0x0800023e   0x0800023e   0x00000000   Code   RO         2791    .ARM.Collect$$libinit$$00000023  c_w.l(libinit2.o)
    0x0800023e   0x0800023e   0x00000000   Code   RO         2793    .ARM.Collect$$libinit$$00000025  c_w.l(libinit2.o)
    0x0800023e   0x0800023e   0x00000000   Code   RO         2797    .ARM.Collect$$libinit$$0000002C  c_w.l(libinit2.o)
    0x0800023e   0x0800023e   0x00000000   Code   RO         2799    .ARM.Collect$$libinit$$0000002E  c_w.l(libinit2.o)
    0x0800023e   0x0800023e   0x00000000   Code   RO         2801    .ARM.Collect$$libinit$$00000030  c_w.l(libinit2.o)
    0x0800023e   0x0800023e   0x00000000   Code   RO         2803    .ARM.Collect$$libinit$$00000032  c_w.l(libinit2.o)
    0x0800023e   0x0800023e   0x00000002   Code   RO         2804    .ARM.Collect$$libinit$$00000033  c_w.l(libinit2.o)
    0x08000240   0x08000240   0x00000002   Code   RO         2881    .ARM.Collect$$libshutdown$$00000000  c_w.l(libshutdown.o)
    0x08000242   0x08000242   0x00000000   Code   RO         2897    .ARM.Collect$$libshutdown$$00000002  c_w.l(libshutdown2.o)
    0x08000242   0x08000242   0x00000000   Code   RO         2899    .ARM.Collect$$libshutdown$$00000004  c_w.l(libshutdown2.o)
    0x08000242   0x08000242   0x00000000   Code   RO         2902    .ARM.Collect$$libshutdown$$00000007  c_w.l(libshutdown2.o)
    0x08000242   0x08000242   0x00000000   Code   RO         2905    .ARM.Collect$$libshutdown$$0000000A  c_w.l(libshutdown2.o)
    0x08000242   0x08000242   0x00000000   Code   RO         2907    .ARM.Collect$$libshutdown$$0000000C  c_w.l(libshutdown2.o)
    0x08000242   0x08000242   0x00000000   Code   RO         2910    .ARM.Collect$$libshutdown$$0000000F  c_w.l(libshutdown2.o)
    0x08000242   0x08000242   0x00000002   Code   RO         2911    .ARM.Collect$$libshutdown$$00000010  c_w.l(libshutdown2.o)
    0x08000244   0x08000244   0x00000000   Code   RO         2630    .ARM.Collect$$rtentry$$00000000  c_w.l(__rtentry.o)
    0x08000244   0x08000244   0x00000000   Code   RO         2701    .ARM.Collect$$rtentry$$00000002  c_w.l(__rtentry2.o)
    0x08000244   0x08000244   0x00000006   Code   RO         2713    .ARM.Collect$$rtentry$$00000004  c_w.l(__rtentry4.o)
    0x0800024a   0x0800024a   0x00000000   Code   RO         2703    .ARM.Collect$$rtentry$$00000009  c_w.l(__rtentry2.o)
    0x0800024a   0x0800024a   0x00000004   Code   RO         2704    .ARM.Collect$$rtentry$$0000000A  c_w.l(__rtentry2.o)
    0x0800024e   0x0800024e   0x00000000   Code   RO         2706    .ARM.Collect$$rtentry$$0000000C  c_w.l(__rtentry2.o)
    0x0800024e   0x0800024e   0x00000008   Code   RO         2707    .ARM.Collect$$rtentry$$0000000D  c_w.l(__rtentry2.o)
    0x08000256   0x08000256   0x00000002   Code   RO         2829    .ARM.Collect$$rtexit$$00000000  c_w.l(rtexit.o)
    0x08000258   0x08000258   0x00000000   Code   RO         2852    .ARM.Collect$$rtexit$$00000002  c_w.l(rtexit2.o)
    0x08000258   0x08000258   0x00000004   Code   RO         2853    .ARM.Collect$$rtexit$$00000003  c_w.l(rtexit2.o)
    0x0800025c   0x0800025c   0x00000006   Code   RO         2854    .ARM.Collect$$rtexit$$00000004  c_w.l(rtexit2.o)
    0x08000262   0x08000262   0x00000002   PAD
    0x08000264   0x08000264   0x00000040   Code   RO            4    .text               startup_stm32f446xx.o
    0x080002a4   0x080002a4   0x000000f0   Code   RO         2539    .text               c_w.l(lludivv7m.o)
    0x08000394   0x08000394   0x0000008a   Code   RO         2574    .text               c_w.l(rt_memcpy_v6.o)
    0x0800041e   0x0800041e   0x00000010   Code   RO         2578    .text               c_w.l(aeabi_memset4.o)
    0x0800042e   0x0800042e   0x0000004e   Code   RO         2582    .text               c_w.l(rt_memclr_w.o)
    0x0800047c   0x0800047c   0x00000006   Code   RO         2584    .text               c_w.l(heapauxi.o)
    0x08000482   0x08000482   0x00000016   Code   RO         2640    .text               c_w.l(_rserrno.o)
    0x08000498   0x08000498   0x00000064   Code   RO         2658    .text               c_w.l(rt_memcpy_w.o)
    0x080004fc   0x080004fc   0x00000008   Code   RO         2697    .text               c_w.l(libspace.o)
    0x08000504   0x08000504   0x00000008   Code   RO         2720    .text               c_w.l(rt_errno_addr_intlibspace.o)
    0x0800050c   0x0800050c   0x0000004a   Code   RO         2809    .text               c_w.l(sys_stackheap_outer.o)
    0x08000556   0x08000556   0x00000012   Code   RO         2813    .text               c_w.l(exit.o)
    0x08000568   0x08000568   0x0000000c   Code   RO         2845    .text               c_w.l(sys_exit.o)
    0x08000574   0x08000574   0x00000002   Code   RO         2872    .text               c_w.l(use_no_semi.o)
    0x08000576   0x08000576   0x00000000   Code   RO         2874    .text               c_w.l(indicate_semi.o)
    0x08000576   0x08000576   0x00000002   PAD
    0x08000578   0x08000578   0x00000066   Code   RO          831    .text.ADC_DMAConvCplt  stm32f4xx_hal_adc.o
    0x080005de   0x080005de   0x00000002   PAD
    0x080005e0   0x080005e0   0x00000012   Code   RO          835    .text.ADC_DMAError  stm32f4xx_hal_adc.o
    0x080005f2   0x080005f2   0x00000002   PAD
    0x080005f4   0x080005f4   0x00000006   Code   RO          833    .text.ADC_DMAHalfConvCplt  stm32f4xx_hal_adc.o
    0x080005fa   0x080005fa   0x00000002   PAD
    0x080005fc   0x080005fc   0x00000108   Code   RO          803    .text.ADC_Init      stm32f4xx_hal_adc.o
    0x08000704   0x08000704   0x00000188   Code   RO          643    .text.BNO055_Begin_uint8_t  bno055_program.o
    0x0800088c   0x0800088c   0x00000004   PAD
    0x08000890   0x08000890   0x00000248   Code   RO          657    .text.BNO055_EulerFromQuaternion  bno055_program.o
    0x08000ad8   0x08000ad8   0x000000a4   Code   RO          655    .text.BNO055_GetQuaternionData  bno055_program.o
    0x08000b7c   0x08000b7c   0x00000260   Code   RO          651    .text.BNO055_GetThreeAxesData  bno055_program.o
    0x08000ddc   0x08000ddc   0x0000000c   Code   RO          641    .text.BNO055_Handler_Init  bno055_program.o
    0x08000de8   0x08000de8   0x00000084   Code   RO          647    .text.BNO055_SetExternalCrytal_Void  bno055_program.o
    0x08000e6c   0x08000e6c   0x0000003a   Code   RO          645    .text.BNO055_SetMode_Void  bno055_program.o
    0x08000ea6   0x08000ea6   0x00000002   PAD
    0x08000ea8   0x08000ea8   0x0000000e   Code   RO         2293    .text.BSP_SD_GetCardInfo  bsp_driver_sd.o
    0x08000eb6   0x08000eb6   0x00000002   PAD
    0x08000eb8   0x08000eb8   0x00000016   Code   RO         2291    .text.BSP_SD_GetCardState  bsp_driver_sd.o
    0x08000ece   0x08000ece   0x00000002   PAD
    0x08000ed0   0x08000ed0   0x0000001e   Code   RO         2273    .text.BSP_SD_Init   bsp_driver_sd.o
    0x08000eee   0x08000eee   0x00000002   PAD
    0x08000ef0   0x08000ef0   0x00000010   Code   RO         2275    .text.BSP_SD_IsDetected  bsp_driver_sd.o
    0x08000f00   0x08000f00   0x00000026   Code   RO         2281    .text.BSP_SD_ReadBlocks  bsp_driver_sd.o
    0x08000f26   0x08000f26   0x00000002   PAD
    0x08000f28   0x08000f28   0x00000026   Code   RO         2283    .text.BSP_SD_WriteBlocks  bsp_driver_sd.o
    0x08000f4e   0x08000f4e   0x00000002   PAD
    0x08000f50   0x08000f50   0x00000002   Code   RO           79    .text.BusFault_Handler  stm32f4xx_it.o
    0x08000f52   0x08000f52   0x00000002   PAD
    0x08000f54   0x08000f54   0x00000114   Code   RO          787    .text.CAN_Task      can_task.o
    0x08001068   0x08001068   0x0000000c   Code   RO          785    .text.CAN_Task_INIT  can_task.o
    0x08001074   0x08001074   0x0000003c   Code   RO         1129    .text.DMA_CalcBaseAndBitshift  stm32f4xx_hal_dma.o
    0x080010b0   0x080010b0   0x00000050   Code   RO         1127    .text.DMA_CheckFifoParam  stm32f4xx_hal_dma.o
    0x08001100   0x08001100   0x00000030   Code   RO         1135    .text.DMA_SetConfig  stm32f4xx_hal_dma.o
    0x08001130   0x08001130   0x00000002   Code   RO           83    .text.DebugMon_Handler  stm32f4xx_it.o
    0x08001132   0x08001132   0x00000002   PAD
    0x08001134   0x08001134   0x0000000a   Code   RO           37    .text.Error_Handler  main.o
    0x0800113e   0x0800113e   0x00000002   PAD
    0x08001140   0x08001140   0x00000006   Code   RO         2517    .text.FATFS_LinkDriver  ff_gen_drv.o
    0x08001146   0x08001146   0x00000002   PAD
    0x08001148   0x08001148   0x00000050   Code   RO         2515    .text.FATFS_LinkDriverEx  ff_gen_drv.o
    0x08001198   0x08001198   0x00000120   Code   RO          843    .text.HAL_ADC_ConfigChannel  stm32f4xx_hal_adc.o
    0x080012b8   0x080012b8   0x00000002   Code   RO          823    .text.HAL_ADC_ConvCpltCallback  stm32f4xx_hal_adc.o
    0x080012ba   0x080012ba   0x00000002   PAD
    0x080012bc   0x080012bc   0x00000002   Code   RO          841    .text.HAL_ADC_ConvHalfCpltCallback  stm32f4xx_hal_adc.o
    0x080012be   0x080012be   0x00000002   PAD
    0x080012c0   0x080012c0   0x00000002   Code   RO          827    .text.HAL_ADC_ErrorCallback  stm32f4xx_hal_adc.o
    0x080012c2   0x080012c2   0x00000002   PAD
    0x080012c4   0x080012c4   0x00000050   Code   RO          799    .text.HAL_ADC_Init  stm32f4xx_hal_adc.o
    0x08001314   0x08001314   0x000000e0   Code   RO           99    .text.HAL_ADC_MspInit  stm32f4xx_hal_msp.o
    0x080013f4   0x080013f4   0x0000015c   Code   RO          829    .text.HAL_ADC_Start_DMA  stm32f4xx_hal_adc.o
    0x08001550   0x08001550   0x000000a4   Code   RO         1420    .text.HAL_CAN_AddTxMessage  stm32f4xx_hal_can.o
    0x080015f4   0x080015f4   0x00000100   Code   RO         1400    .text.HAL_CAN_Init  stm32f4xx_hal_can.o
    0x080016f4   0x080016f4   0x0000009e   Code   RO          103    .text.HAL_CAN_MspInit  stm32f4xx_hal_msp.o
    0x08001792   0x08001792   0x00000002   PAD
    0x08001794   0x08001794   0x0000005a   Code   RO         1412    .text.HAL_CAN_Start  stm32f4xx_hal_can.o
    0x080017ee   0x080017ee   0x00000002   PAD
    0x080017f0   0x080017f0   0x000000d8   Code   RO         1125    .text.HAL_DMA_Init  stm32f4xx_hal_dma.o
    0x080018c8   0x080018c8   0x00000062   Code   RO         1137    .text.HAL_DMA_Start_IT  stm32f4xx_hal_dma.o
    0x0800192a   0x0800192a   0x00000002   PAD
    0x0800192c   0x0800192c   0x00000028   Code   RO         1327    .text.HAL_Delay     stm32f4xx_hal.o
    0x08001954   0x08001954   0x00000108   Code   RO         1085    .text.HAL_GPIO_DeInit  stm32f4xx_hal_gpio.o
    0x08001a5c   0x08001a5c   0x000001aa   Code   RO         1083    .text.HAL_GPIO_Init  stm32f4xx_hal_gpio.o
    0x08001c06   0x08001c06   0x00000002   PAD
    0x08001c08   0x08001c08   0x0000000a   Code   RO         1089    .text.HAL_GPIO_WritePin  stm32f4xx_hal_gpio.o
    0x08001c12   0x08001c12   0x00000002   PAD
    0x08001c14   0x08001c14   0x0000000c   Code   RO         1319    .text.HAL_GetTick   stm32f4xx_hal.o
    0x08001c20   0x08001c20   0x00000036   Code   RO         1485    .text.HAL_I2C_DeInit  stm32f4xx_hal_i2c.o
    0x08001c56   0x08001c56   0x00000002   PAD
    0x08001c58   0x08001c58   0x000001a2   Code   RO         1481    .text.HAL_I2C_Init  stm32f4xx_hal_i2c.o
    0x08001dfa   0x08001dfa   0x00000002   PAD
    0x08001dfc   0x08001dfc   0x00000212   Code   RO         1535    .text.HAL_I2C_Mem_Read  stm32f4xx_hal_i2c.o
    0x0800200e   0x0800200e   0x00000002   PAD
    0x08002010   0x08002010   0x00000134   Code   RO         1531    .text.HAL_I2C_Mem_Write  stm32f4xx_hal_i2c.o
    0x08002144   0x08002144   0x0000003a   Code   RO          109    .text.HAL_I2C_MspDeInit  stm32f4xx_hal_msp.o
    0x0800217e   0x0800217e   0x00000002   PAD
    0x08002180   0x08002180   0x00000072   Code   RO          107    .text.HAL_I2C_MspInit  stm32f4xx_hal_msp.o
    0x080021f2   0x080021f2   0x00000002   PAD
    0x080021f4   0x080021f4   0x0000001a   Code   RO         1317    .text.HAL_IncTick   stm32f4xx_hal.o
    0x0800220e   0x0800220e   0x00000002   PAD
    0x08002210   0x08002210   0x00000036   Code   RO         1307    .text.HAL_Init      stm32f4xx_hal.o
    0x08002246   0x08002246   0x00000002   PAD
    0x08002248   0x08002248   0x0000008e   Code   RO          132    .text.HAL_InitTick  stm32f4xx_hal_timebase_tim.o
    0x080022d6   0x080022d6   0x00000002   PAD
    0x080022d8   0x080022d8   0x0000006c   Code   RO           97    .text.HAL_MspInit   stm32f4xx_hal_msp.o
    0x08002344   0x08002344   0x00000004   Code   RO         1246    .text.HAL_NVIC_EnableIRQ  stm32f4xx_hal_cortex.o
    0x08002348   0x08002348   0x00000020   Code   RO         1238    .text.HAL_NVIC_SetPriority  stm32f4xx_hal_cortex.o
    0x08002368   0x08002368   0x00000004   Code   RO         1234    .text.HAL_NVIC_SetPriorityGrouping  stm32f4xx_hal_cortex.o
    0x0800236c   0x0800236c   0x0000042e   Code   RO          937    .text.HAL_RCCEx_PeriphCLKConfig  stm32f4xx_hal_rcc_ex.o
    0x0800279a   0x0800279a   0x00000002   PAD
    0x0800279c   0x0800279c   0x00000162   Code   RO          904    .text.HAL_RCC_ClockConfig  stm32f4xx_hal_rcc.o
    0x080028fe   0x080028fe   0x00000002   PAD
    0x08002900   0x08002900   0x0000003e   Code   RO          922    .text.HAL_RCC_GetClockConfig  stm32f4xx_hal_rcc.o
    0x0800293e   0x0800293e   0x00000002   PAD
    0x08002940   0x08002940   0x0000000c   Code   RO          914    .text.HAL_RCC_GetHCLKFreq  stm32f4xx_hal_rcc.o
    0x0800294c   0x0800294c   0x00000022   Code   RO          916    .text.HAL_RCC_GetPCLK1Freq  stm32f4xx_hal_rcc.o
    0x0800296e   0x0800296e   0x00000002   PAD
    0x08002970   0x08002970   0x00000022   Code   RO          918    .text.HAL_RCC_GetPCLK2Freq  stm32f4xx_hal_rcc.o
    0x08002992   0x08002992   0x00000002   PAD
    0x08002994   0x08002994   0x000000a0   Code   RO          953    .text.HAL_RCC_GetSysClockFreq  stm32f4xx_hal_rcc_ex.o
    0x08002a34   0x08002a34   0x00000396   Code   RO          957    .text.HAL_RCC_OscConfig  stm32f4xx_hal_rcc_ex.o
    0x08002dca   0x08002dca   0x00000002   PAD
    0x08002dcc   0x08002dcc   0x00000178   Code   RO         1826    .text.HAL_SD_GetCardCSD  stm32f4xx_hal_sd.o
    0x08002f44   0x08002f44   0x00000024   Code   RO         1832    .text.HAL_SD_GetCardInfo  stm32f4xx_hal_sd.o
    0x08002f68   0x08002f68   0x00000024   Code   RO         1840    .text.HAL_SD_GetCardState  stm32f4xx_hal_sd.o
    0x08002f8c   0x08002f8c   0x0000003e   Code   RO         1766    .text.HAL_SD_Init   stm32f4xx_hal_sd.o
    0x08002fca   0x08002fca   0x00000002   PAD
    0x08002fcc   0x08002fcc   0x00000094   Code   RO         1770    .text.HAL_SD_InitCard  stm32f4xx_hal_sd.o
    0x08003060   0x08003060   0x000000f8   Code   RO          111    .text.HAL_SD_MspInit  stm32f4xx_hal_msp.o
    0x08003158   0x08003158   0x000001de   Code   RO         1782    .text.HAL_SD_ReadBlocks  stm32f4xx_hal_sd.o
    0x08003336   0x08003336   0x00000002   PAD
    0x08003338   0x08003338   0x000001c4   Code   RO         1784    .text.HAL_SD_WriteBlocks  stm32f4xx_hal_sd.o
    0x080034fc   0x080034fc   0x00000002   Code   RO         2184    .text.HAL_TIMEx_BreakCallback  stm32f4xx_hal_tim_ex.o
    0x080034fe   0x080034fe   0x00000002   PAD
    0x08003500   0x08003500   0x00000002   Code   RO         2180    .text.HAL_TIMEx_CommutCallback  stm32f4xx_hal_tim_ex.o
    0x08003502   0x08003502   0x00000002   PAD
    0x08003504   0x08003504   0x000000b8   Code   RO         2174    .text.HAL_TIMEx_MasterConfigSynchronization  stm32f4xx_hal_tim_ex.o
    0x080035bc   0x080035bc   0x0000005a   Code   RO         1859    .text.HAL_TIM_Base_Init  stm32f4xx_hal_tim.o
    0x08003616   0x08003616   0x00000002   PAD
    0x08003618   0x08003618   0x00000002   Code   RO         1861    .text.HAL_TIM_Base_MspInit  stm32f4xx_hal_tim.o
    0x0800361a   0x0800361a   0x00000002   PAD
    0x0800361c   0x0800361c   0x000000b0   Code   RO         1873    .text.HAL_TIM_Base_Start_IT  stm32f4xx_hal_tim.o
    0x080036cc   0x080036cc   0x000000b2   Code   RO         1973    .text.HAL_TIM_Encoder_Init  stm32f4xx_hal_tim.o
    0x0800377e   0x0800377e   0x00000002   PAD
    0x08003780   0x08003780   0x0000006c   Code   RO          117    .text.HAL_TIM_Encoder_MspInit  stm32f4xx_hal_msp.o
    0x080037ec   0x080037ec   0x000002c0   Code   RO          693    .text.HAL_TIM_IC_CaptureCallback  proximity_task.o
    0x08003aac   0x08003aac   0x00000098   Code   RO         2015    .text.HAL_TIM_IC_ConfigChannel  stm32f4xx_hal_tim.o
    0x08003b44   0x08003b44   0x0000005a   Code   RO         1933    .text.HAL_TIM_IC_Init  stm32f4xx_hal_tim.o
    0x08003b9e   0x08003b9e   0x00000002   PAD
    0x08003ba0   0x08003ba0   0x00000080   Code   RO          115    .text.HAL_TIM_IC_MspInit  stm32f4xx_hal_msp.o
    0x08003c20   0x08003c20   0x0000016a   Code   RO         1993    .text.HAL_TIM_IRQHandler  stm32f4xx_hal_tim.o
    0x08003d8a   0x08003d8a   0x00000002   PAD
    0x08003d8c   0x08003d8c   0x00000002   Code   RO         1997    .text.HAL_TIM_OC_DelayElapsedCallback  stm32f4xx_hal_tim.o
    0x08003d8e   0x08003d8e   0x00000002   PAD
    0x08003d90   0x08003d90   0x00000002   Code   RO         1999    .text.HAL_TIM_PWM_PulseFinishedCallback  stm32f4xx_hal_tim.o
    0x08003d92   0x08003d92   0x00000002   PAD
    0x08003d94   0x08003d94   0x00000014   Code   RO           39    .text.HAL_TIM_PeriodElapsedCallback  main.o
    0x08003da8   0x08003da8   0x00000034   Code   RO         2067    .text.HAL_TIM_ReadCapturedValue  stm32f4xx_hal_tim.o
    0x08003ddc   0x08003ddc   0x00000002   Code   RO         2003    .text.HAL_TIM_TriggerCallback  stm32f4xx_hal_tim.o
    0x08003dde   0x08003dde   0x00000002   PAD
    0x08003de0   0x08003de0   0x00000002   Code   RO           75    .text.HardFault_Handler  stm32f4xx_it.o
    0x08003de2   0x08003de2   0x00000002   PAD
    0x08003de4   0x08003de4   0x00000030   Code   RO         1641    .text.I2C_IsAcknowledgeFailed  stm32f4xx_hal_i2c.o
    0x08003e14   0x08003e14   0x0000010c   Code   RO         1537    .text.I2C_RequestMemoryRead  stm32f4xx_hal_i2c.o
    0x08003f20   0x08003f20   0x000000c0   Code   RO         1533    .text.I2C_RequestMemoryWrite  stm32f4xx_hal_i2c.o
    0x08003fe0   0x08003fe0   0x0000005e   Code   RO         1497    .text.I2C_WaitOnBTFFlagUntilTimeout  stm32f4xx_hal_i2c.o
    0x0800403e   0x0800403e   0x00000002   PAD
    0x08004040   0x08004040   0x0000007e   Code   RO         1491    .text.I2C_WaitOnFlagUntilTimeout  stm32f4xx_hal_i2c.o
    0x080040be   0x080040be   0x00000002   PAD
    0x080040c0   0x080040c0   0x00000098   Code   RO         1639    .text.I2C_WaitOnMasterAddressFlagUntilTimeout  stm32f4xx_hal_i2c.o
    0x08004158   0x08004158   0x0000005e   Code   RO         1503    .text.I2C_WaitOnRXNEFlagUntilTimeout  stm32f4xx_hal_i2c.o
    0x080041b6   0x080041b6   0x00000002   PAD
    0x080041b8   0x080041b8   0x0000005e   Code   RO         1495    .text.I2C_WaitOnTXEFlagUntilTimeout  stm32f4xx_hal_i2c.o
    0x08004216   0x08004216   0x00000002   PAD
    0x08004218   0x08004218   0x000000f8   Code   RO          672    .text.IMU_Task      imu_task.o
    0x08004310   0x08004310   0x0000001e   Code   RO          670    .text.IMU_Task_INIT  imu_task.o
    0x0800432e   0x0800432e   0x00000002   PAD
    0x08004330   0x08004330   0x000000b4   Code   RO           25    .text.MX_ADC1_Init  main.o
    0x080043e4   0x080043e4   0x0000003c   Code   RO           27    .text.MX_CAN1_Init  main.o
    0x08004420   0x08004420   0x00000024   Code   RO           23    .text.MX_DMA_Init   main.o
    0x08004444   0x08004444   0x00000022   Code   RO         2339    .text.MX_FATFS_Init  fatfs.o
    0x08004466   0x08004466   0x00000002   PAD
    0x08004468   0x08004468   0x00000104   Code   RO           21    .text.MX_GPIO_Init  main.o
    0x0800456c   0x0800456c   0x0000003e   Code   RO           33    .text.MX_I2C1_Init  main.o
    0x080045aa   0x080045aa   0x00000002   PAD
    0x080045ac   0x080045ac   0x00000024   Code   RO           35    .text.MX_SDIO_SD_Init  main.o
    0x080045d0   0x080045d0   0x000000ae   Code   RO           29    .text.MX_TIM1_Init  main.o
    0x0800467e   0x0800467e   0x00000002   PAD
    0x08004680   0x08004680   0x00000060   Code   RO           31    .text.MX_TIM2_Init  main.o
    0x080046e0   0x080046e0   0x00000002   Code   RO           77    .text.MemManage_Handler  stm32f4xx_it.o
    0x080046e2   0x080046e2   0x00000002   PAD
    0x080046e4   0x080046e4   0x00000002   Code   RO           73    .text.NMI_Handler   stm32f4xx_it.o
    0x080046e6   0x080046e6   0x00000002   PAD
    0x080046e8   0x080046e8   0x0000002c   Code   RO         1244    .text.NVIC_EncodePriority  stm32f4xx_hal_cortex.o
    0x08004714   0x08004714   0x0000000c   PAD
    0x08004720   0x08004720   0x00000064   Code   RO          590    .text.PendSV_Handler  port.o
    0x08004784   0x08004784   0x00000026   Code   RO         1683    .text.SDIO_ConfigData  stm32f4xx_ll_sdmmc.o
    0x080047aa   0x080047aa   0x00000002   PAD
    0x080047ac   0x080047ac   0x00000006   Code   RO         1679    .text.SDIO_GetCommandResponse  stm32f4xx_ll_sdmmc.o
    0x080047b2   0x080047b2   0x00000002   PAD
    0x080047b4   0x080047b4   0x00000008   Code   RO         1675    .text.SDIO_GetPowerState  stm32f4xx_ll_sdmmc.o
    0x080047bc   0x080047bc   0x00000006   Code   RO         1681    .text.SDIO_GetResponse  stm32f4xx_ll_sdmmc.o
    0x080047c2   0x080047c2   0x00000002   PAD
    0x080047c4   0x080047c4   0x0000002c   Code   RO         1665    .text.SDIO_Init     stm32f4xx_ll_sdmmc.o
    0x080047f0   0x080047f0   0x0000000a   Code   RO         1671    .text.SDIO_PowerState_ON  stm32f4xx_ll_sdmmc.o
    0x080047fa   0x080047fa   0x00000002   PAD
    0x080047fc   0x080047fc   0x00000006   Code   RO         1667    .text.SDIO_ReadFIFO  stm32f4xx_ll_sdmmc.o
    0x08004802   0x08004802   0x00000002   PAD
    0x08004804   0x08004804   0x0000002a   Code   RO         1677    .text.SDIO_SendCommand  stm32f4xx_ll_sdmmc.o
    0x0800482e   0x0800482e   0x00000002   PAD
    0x08004830   0x08004830   0x0000000c   Code   RO         1669    .text.SDIO_WriteFIFO  stm32f4xx_ll_sdmmc.o
    0x0800483c   0x0800483c   0x00000034   Code   RO         1725    .text.SDMMC_CmdAppCommand  stm32f4xx_ll_sdmmc.o
    0x08004870   0x08004870   0x00000036   Code   RO         1727    .text.SDMMC_CmdAppOperCommand  stm32f4xx_ll_sdmmc.o
    0x080048a6   0x080048a6   0x00000002   PAD
    0x080048a8   0x080048a8   0x00000034   Code   RO         1691    .text.SDMMC_CmdBlockLength  stm32f4xx_ll_sdmmc.o
    0x080048dc   0x080048dc   0x0000002a   Code   RO         1717    .text.SDMMC_CmdGoIdleState  stm32f4xx_ll_sdmmc.o
    0x08004906   0x08004906   0x00000002   PAD
    0x08004908   0x08004908   0x00000032   Code   RO         1721    .text.SDMMC_CmdOperCond  stm32f4xx_ll_sdmmc.o
    0x0800493a   0x0800493a   0x00000002   PAD
    0x0800493c   0x0800493c   0x00000034   Code   RO         1697    .text.SDMMC_CmdReadMultiBlock  stm32f4xx_ll_sdmmc.o
    0x08004970   0x08004970   0x00000034   Code   RO         1695    .text.SDMMC_CmdReadSingleBlock  stm32f4xx_ll_sdmmc.o
    0x080049a4   0x080049a4   0x00000034   Code   RO         1715    .text.SDMMC_CmdSelDesel  stm32f4xx_ll_sdmmc.o
    0x080049d8   0x080049d8   0x0000002e   Code   RO         1735    .text.SDMMC_CmdSendCID  stm32f4xx_ll_sdmmc.o
    0x08004a06   0x08004a06   0x00000002   PAD
    0x08004a08   0x08004a08   0x0000002e   Code   RO         1739    .text.SDMMC_CmdSendCSD  stm32f4xx_ll_sdmmc.o
    0x08004a36   0x08004a36   0x00000002   PAD
    0x08004a38   0x08004a38   0x00000034   Code   RO         1747    .text.SDMMC_CmdSendStatus  stm32f4xx_ll_sdmmc.o
    0x08004a6c   0x08004a6c   0x00000034   Code   RO         1741    .text.SDMMC_CmdSetRelAdd  stm32f4xx_ll_sdmmc.o
    0x08004aa0   0x08004aa0   0x00000038   Code   RO         1713    .text.SDMMC_CmdStopTransfer  stm32f4xx_ll_sdmmc.o
    0x08004ad8   0x08004ad8   0x00000034   Code   RO         1701    .text.SDMMC_CmdWriteMultiBlock  stm32f4xx_ll_sdmmc.o
    0x08004b0c   0x08004b0c   0x00000034   Code   RO         1699    .text.SDMMC_CmdWriteSingleBlock  stm32f4xx_ll_sdmmc.o
    0x08004b40   0x08004b40   0x00000038   Code   RO         1719    .text.SDMMC_GetCmdError  stm32f4xx_ll_sdmmc.o
    0x08004b78   0x08004b78   0x00000158   Code   RO         1693    .text.SDMMC_GetCmdResp1  stm32f4xx_ll_sdmmc.o
    0x08004cd0   0x08004cd0   0x0000005c   Code   RO         1737    .text.SDMMC_GetCmdResp2  stm32f4xx_ll_sdmmc.o
    0x08004d2c   0x08004d2c   0x0000004c   Code   RO         1729    .text.SDMMC_GetCmdResp3  stm32f4xx_ll_sdmmc.o
    0x08004d78   0x08004d78   0x000000a6   Code   RO         1743    .text.SDMMC_GetCmdResp6  stm32f4xx_ll_sdmmc.o
    0x08004e1e   0x08004e1e   0x00000002   PAD
    0x08004e20   0x08004e20   0x00000062   Code   RO         1723    .text.SDMMC_GetCmdResp7  stm32f4xx_ll_sdmmc.o
    0x08004e82   0x08004e82   0x00000002   PAD
    0x08004e84   0x08004e84   0x00000024   Code   RO         2326    .text.SD_CheckStatus  sd_diskio.o
    0x08004ea8   0x08004ea8   0x000000fc   Code   RO         1774    .text.SD_InitCard   stm32f4xx_hal_sd.o
    0x08004fa4   0x08004fa4   0x000000b0   Code   RO         1772    .text.SD_PowerON    stm32f4xx_hal_sd.o
    0x08005054   0x08005054   0x00000032   Code   RO         1842    .text.SD_SendStatus  stm32f4xx_hal_sd.o
    0x08005086   0x08005086   0x00000002   PAD
    0x08005088   0x08005088   0x00000022   Code   RO         2316    .text.SD_initialize  sd_diskio.o
    0x080050aa   0x080050aa   0x00000002   PAD
    0x080050ac   0x080050ac   0x00000056   Code   RO         2324    .text.SD_ioctl      sd_diskio.o
    0x08005102   0x08005102   0x00000002   PAD
    0x08005104   0x08005104   0x00000024   Code   RO         2320    .text.SD_read       sd_diskio.o
    0x08005128   0x08005128   0x00000004   Code   RO         2318    .text.SD_status     sd_diskio.o
    0x0800512c   0x0800512c   0x00000024   Code   RO         2322    .text.SD_write      sd_diskio.o
    0x08005150   0x08005150   0x00000024   Code   RO          574    .text.SVC_Handler   port.o
    0x08005174   0x08005174   0x0000002e   Code   RO          592    .text.SysTick_Handler  port.o
    0x080051a2   0x080051a2   0x00000002   PAD
    0x080051a4   0x080051a4   0x0000009e   Code   RO           19    .text.SystemClock_Config  main.o
    0x08005242   0x08005242   0x00000002   PAD
    0x08005244   0x08005244   0x0000001a   Code   RO         2199    .text.SystemInit    system_stm32f4xx.o
    0x0800525e   0x0800525e   0x00000002   PAD
    0x08005260   0x08005260   0x0000000c   Code   RO           85    .text.TIM1_CC_IRQHandler  stm32f4xx_it.o
    0x0800526c   0x0800526c   0x0000000c   Code   RO           87    .text.TIM6_DAC_IRQHandler  stm32f4xx_it.o
    0x08005278   0x08005278   0x00000124   Code   RO         1863    .text.TIM_Base_SetConfig  stm32f4xx_hal_tim.o
    0x0800539c   0x0800539c   0x000000a8   Code   RO         2017    .text.TIM_TI1_SetConfig  stm32f4xx_hal_tim.o
    0x08005444   0x08005444   0x0000003c   Code   RO         2019    .text.TIM_TI2_SetConfig  stm32f4xx_hal_tim.o
    0x08005480   0x08005480   0x00000034   Code   RO         2021    .text.TIM_TI3_SetConfig  stm32f4xx_hal_tim.o
    0x080054b4   0x080054b4   0x0000003c   Code   RO         2023    .text.TIM_TI4_SetConfig  stm32f4xx_hal_tim.o
    0x080054f0   0x080054f0   0x00000016   Code   RO          733    .text.Travel_Init   encoder.o
    0x08005506   0x08005506   0x00000002   PAD
    0x08005508   0x08005508   0x00000002   Code   RO          771    .text.Travel_Task_Init  travel_task.o
    0x0800550a   0x0800550a   0x00000002   PAD
    0x0800550c   0x0800550c   0x00000002   Code   RO           81    .text.UsageFault_Handler  stm32f4xx_it.o
    0x0800550e   0x0800550e   0x00000002   PAD
    0x08005510   0x08005510   0x00000020   Code   RO         1248    .text.__NVIC_EnableIRQ  stm32f4xx_hal_cortex.o
    0x08005530   0x08005530   0x00000010   Code   RO         1240    .text.__NVIC_GetPriorityGrouping  stm32f4xx_hal_cortex.o
    0x08005540   0x08005540   0x00000022   Code   RO         1242    .text.__NVIC_SetPriority  stm32f4xx_hal_cortex.o
    0x08005562   0x08005562   0x00000002   PAD
    0x08005564   0x08005564   0x00000020   Code   RO         1236    .text.__NVIC_SetPriorityGrouping  stm32f4xx_hal_cortex.o
    0x08005584   0x08005584   0x000000f0   Code   RO           17    .text.main          main.o
    0x08005674   0x08005674   0x000000a4   Code   RO          358    .text.prvAddCurrentTaskToDelayedList  tasks.o
    0x08005718   0x08005718   0x000000ae   Code   RO          346    .text.prvAddNewTaskToReadyList  tasks.o
    0x080057c6   0x080057c6   0x00000002   PAD
    0x080057c8   0x080057c8   0x00000068   Code   RO          504    .text.prvCheckForValidListAndQueue  timers.o
    0x08005830   0x08005830   0x0000004e   Code   RO          470    .text.prvCheckTasksWaitingTermination  tasks.o
    0x0800587e   0x0800587e   0x00000002   PAD
    0x08005880   0x08005880   0x00000022   Code   RO          237    .text.prvCopyDataFromQueue  queue.o
    0x080058a2   0x080058a2   0x00000002   PAD
    0x080058a4   0x080058a4   0x0000007a   Code   RO          225    .text.prvCopyDataToQueue  queue.o
    0x0800591e   0x0800591e   0x00000002   PAD
    0x08005920   0x08005920   0x00000014   Code   RO          350    .text.prvDeleteTCB  tasks.o
    0x08005934   0x08005934   0x00000020   Code   RO          540    .text.prvGetNextExpireTime  timers.o
    0x08005954   0x08005954   0x00000076   Code   RO          610    .text.prvHeapInit   heap_4.o
    0x080059ca   0x080059ca   0x00000002   PAD
    0x080059cc   0x080059cc   0x0000002a   Code   RO          384    .text.prvIdleTask   tasks.o
    0x080059f6   0x080059f6   0x00000002   PAD
    0x080059f8   0x080059f8   0x00000020   Code   RO          209    .text.prvInitialiseNewQueue  queue.o
    0x08005a18   0x08005a18   0x0000009e   Code   RO          344    .text.prvInitialiseNewTask  tasks.o
    0x08005ab6   0x08005ab6   0x00000002   PAD
    0x08005ab8   0x08005ab8   0x0000006e   Code   RO          468    .text.prvInitialiseTaskLists  tasks.o
    0x08005b26   0x08005b26   0x00000002   PAD
    0x08005b28   0x08005b28   0x00000062   Code   RO          612    .text.prvInsertBlockIntoFreeList  heap_4.o
    0x08005b8a   0x08005b8a   0x00000002   PAD
    0x08005b8c   0x08005b8c   0x00000040   Code   RO          552    .text.prvInsertTimerInActiveList  timers.o
    0x08005bcc   0x08005bcc   0x00000018   Code   RO          239    .text.prvIsQueueEmpty  queue.o
    0x08005be4   0x08005be4   0x0000001c   Code   RO          227    .text.prvIsQueueFull  queue.o
    0x08005c00   0x08005c00   0x00000028   Code   RO          582    .text.prvPortStartFirstTask  port.o
    0x08005c28   0x08005c28   0x0000006e   Code   RO          548    .text.prvProcessExpiredTimer  timers.o
    0x08005c96   0x08005c96   0x00000002   PAD
    0x08005c98   0x08005c98   0x00000122   Code   RO          544    .text.prvProcessReceivedCommands  timers.o
    0x08005dba   0x08005dba   0x00000002   PAD
    0x08005dbc   0x08005dbc   0x00000080   Code   RO          542    .text.prvProcessTimerOrBlockTask  timers.o
    0x08005e3c   0x08005e3c   0x00000028   Code   RO          352    .text.prvResetNextTaskUnblockTime  tasks.o
    0x08005e64   0x08005e64   0x0000002a   Code   RO          546    .text.prvSampleTimeNow  timers.o
    0x08005e8e   0x08005e8e   0x00000002   PAD
    0x08005e90   0x08005e90   0x0000008e   Code   RO          550    .text.prvSwitchTimerLists  timers.o
    0x08005f1e   0x08005f1e   0x00000002   PAD
    0x08005f20   0x08005f20   0x00000032   Code   RO          572    .text.prvTaskExitError  port.o
    0x08005f52   0x08005f52   0x00000002   PAD
    0x08005f54   0x08005f54   0x00000016   Code   RO          506    .text.prvTimerTask  timers.o
    0x08005f6a   0x08005f6a   0x00000002   PAD
    0x08005f6c   0x08005f6c   0x00000074   Code   RO          229    .text.prvUnlockQueue  queue.o
    0x08005fe0   0x08005fe0   0x00000138   Code   RO          608    .text.pvPortMalloc  heap_4.o
    0x08006118   0x08006118   0x00000028   Code   RO          570    .text.pxPortInitialiseStack  port.o
    0x08006140   0x08006140   0x00000028   Code   RO          194    .text.uxListRemove  list.o
    0x08006168   0x08006168   0x00000016   Code   RO          186    .text.vListInitialise  list.o
    0x0800617e   0x0800617e   0x00000002   PAD
    0x08006180   0x08006180   0x00000006   Code   RO          188    .text.vListInitialiseItem  list.o
    0x08006186   0x08006186   0x00000002   PAD
    0x08006188   0x08006188   0x0000003a   Code   RO          192    .text.vListInsert   list.o
    0x080061c2   0x080061c2   0x00000002   PAD
    0x080061c4   0x080061c4   0x0000001c   Code   RO          190    .text.vListInsertEnd  list.o
    0x080061e0   0x080061e0   0x00000014   Code   RO          580    .text.vPortEnableVFP  port.o
    0x080061f4   0x080061f4   0x00000046   Code   RO          586    .text.vPortEnterCritical  port.o
    0x0800623a   0x0800623a   0x00000002   PAD
    0x0800623c   0x0800623c   0x0000002e   Code   RO          588    .text.vPortExitCritical  port.o
    0x0800626a   0x0800626a   0x00000002   PAD
    0x0800626c   0x0800626c   0x0000008c   Code   RO          614    .text.vPortFree     heap_4.o
    0x080062f8   0x080062f8   0x00000034   Code   RO          578    .text.vPortSetupTimerInterrupt  port.o
    0x0800632c   0x0800632c   0x00000062   Code   RO          594    .text.vPortValidateInterruptPriority  port.o
    0x0800638e   0x0800638e   0x00000002   PAD
    0x08006390   0x08006390   0x00000028   Code   RO          269    .text.vQueueAddToRegistry  queue.o
    0x080063b8   0x080063b8   0x00000046   Code   RO          273    .text.vQueueWaitForMessageRestricted  queue.o
    0x080063fe   0x080063fe   0x00000002   PAD
    0x08006400   0x08006400   0x0000001a   Code   RO          426    .text.vTaskInternalSetTimeOutState  tasks.o
    0x0800641a   0x0800641a   0x00000002   PAD
    0x0800641c   0x0800641c   0x0000000e   Code   RO          430    .text.vTaskMissedYield  tasks.o
    0x0800642a   0x0800642a   0x00000002   PAD
    0x0800642c   0x0800642c   0x00000036   Code   RO          414    .text.vTaskPlaceOnEventList  tasks.o
    0x08006462   0x08006462   0x00000002   PAD
    0x08006464   0x08006464   0x0000003e   Code   RO          418    .text.vTaskPlaceOnEventListRestricted  tasks.o
    0x080064a2   0x080064a2   0x00000002   PAD
    0x080064a4   0x080064a4   0x00000098   Code   RO          382    .text.vTaskStartScheduler  tasks.o
    0x0800653c   0x0800653c   0x00000010   Code   RO          356    .text.vTaskSuspendAll  tasks.o
    0x0800654c   0x0800654c   0x00000086   Code   RO          374    .text.vTaskSwitchContext  tasks.o
    0x080065d2   0x080065d2   0x00000002   PAD
    0x080065d4   0x080065d4   0x0000011e   Code   RO          576    .text.xPortStartScheduler  port.o
    0x080066f2   0x080066f2   0x00000002   PAD
    0x080066f4   0x080066f4   0x00000042   Code   RO          207    .text.xQueueGenericCreate  queue.o
    0x08006736   0x08006736   0x00000002   PAD
    0x08006738   0x08006738   0x0000007e   Code   RO          205    .text.xQueueGenericReset  queue.o
    0x080067b6   0x080067b6   0x00000002   PAD
    0x080067b8   0x080067b8   0x000001a2   Code   RO          217    .text.xQueueGenericSend  queue.o
    0x0800695a   0x0800695a   0x00000002   PAD
    0x0800695c   0x0800695c   0x000000d0   Code   RO          231    .text.xQueueGenericSendFromISR  queue.o
    0x08006a2c   0x08006a2c   0x00000172   Code   RO          235    .text.xQueueReceive  queue.o
    0x08006b9e   0x08006b9e   0x00000002   PAD
    0x08006ba0   0x08006ba0   0x00000088   Code   RO          428    .text.xTaskCheckForTimeOut  tasks.o
    0x08006c28   0x08006c28   0x00000058   Code   RO          342    .text.xTaskCreate   tasks.o
    0x08006c80   0x08006c80   0x0000013a   Code   RO          460    .text.xTaskGenericNotifyFromISR  tasks.o
    0x08006dba   0x08006dba   0x00000002   PAD
    0x08006dbc   0x08006dbc   0x00000026   Code   RO          442    .text.xTaskGetSchedulerState  tasks.o
    0x08006de2   0x08006de2   0x00000002   PAD
    0x08006de4   0x08006de4   0x0000000c   Code   RO          390    .text.xTaskGetTickCount  tasks.o
    0x08006df0   0x08006df0   0x00000164   Code   RO          388    .text.xTaskIncrementTick  tasks.o
    0x08006f54   0x08006f54   0x000000b2   Code   RO          446    .text.xTaskPriorityDisinherit  tasks.o
    0x08007006   0x08007006   0x00000002   PAD
    0x08007008   0x08007008   0x00000090   Code   RO          420    .text.xTaskRemoveFromEventList  tasks.o
    0x08007098   0x08007098   0x00000118   Code   RO          360    .text.xTaskResumeAll  tasks.o
    0x080071b0   0x080071b0   0x0000005c   Code   RO          502    .text.xTimerCreateTimerTask  timers.o
    0x0800720c   0x0800720c   0x00000068   Code   RO          512    .text.xTimerGenericCommand  timers.o
    0x08007274   0x08007274   0x00000026   Code   RO         2669    i.__ARM_fpclassifyf  m_wm.l(fpclassifyf.o)
    0x0800729a   0x0800729a   0x00000002   PAD
    0x0800729c   0x0800729c   0x0000012c   Code   RO         2606    i.__hardfp_asinf    m_wm.l(asinf.o)
    0x080073c8   0x080073c8   0x000002ac   Code   RO         2618    i.__hardfp_atan2f   m_wm.l(atan2f.o)
    0x08007674   0x08007674   0x00000006   Code   RO         2672    i.__mathlib_flt_infnan  m_wm.l(funder.o)
    0x0800767a   0x0800767a   0x00000006   Code   RO         2673    i.__mathlib_flt_infnan2  m_wm.l(funder.o)
    0x08007680   0x08007680   0x00000010   Code   RO         2674    i.__mathlib_flt_invalid  m_wm.l(funder.o)
    0x08007690   0x08007690   0x00000010   Code   RO         2677    i.__mathlib_flt_underflow  m_wm.l(funder.o)
    0x080076a0   0x080076a0   0x0000003e   Code   RO         2687    i.sqrtf             m_wm.l(sqrtf.o)
    0x080076de   0x080076de   0x00000002   PAD
    0x080076e0   0x080076e0   0x00000062   Code   RO         2588    x$fpl$d2f           fz_wm.l(d2f.o)
    0x08007742   0x08007742   0x00000002   PAD
    0x08007744   0x08007744   0x00000150   Code   RO         2590    x$fpl$dadd          fz_wm.l(daddsub_clz.o)
    0x08007894   0x08007894   0x000002b0   Code   RO         2597    x$fpl$ddiv          fz_wm.l(ddiv.o)
    0x08007b44   0x08007b44   0x00000154   Code   RO         2600    x$fpl$dmul          fz_wm.l(dmul.o)
    0x08007c98   0x08007c98   0x0000009c   Code   RO         2660    x$fpl$dnaninf       fz_wm.l(dnaninf.o)
    0x08007d34   0x08007d34   0x0000000c   Code   RO         2662    x$fpl$dretinf       fz_wm.l(dretinf.o)
    0x08007d40   0x08007d40   0x000001d4   Code   RO         2592    x$fpl$dsub          fz_wm.l(daddsub_clz.o)
    0x08007f14   0x08007f14   0x00000056   Code   RO         2602    x$fpl$f2d           fz_wm.l(f2d.o)
    0x08007f6a   0x08007f6a   0x0000008c   Code   RO         2664    x$fpl$fnaninf       fz_wm.l(fnaninf.o)
    0x08007ff6   0x08007ff6   0x0000001a   Code   RO         2827    x$fpl$fpinit        fz_wm.l(fpinit.o)
    0x08008010   0x08008010   0x0000000a   Code   RO         2666    x$fpl$fretinf       fz_wm.l(fretinf.o)
    0x0800801a   0x0800801a   0x00000000   Code   RO         2668    x$fpl$usenofp       fz_wm.l(usenofp.o)
    0x0800801a   0x0800801a   0x00000010   Data   RO         2204    .rodata.AHBPrescTable  system_stm32f4xx.o
    0x0800802a   0x0800802a   0x00000008   Data   RO         2205    .rodata.APBPrescTable  system_stm32f4xx.o
    0x08008032   0x08008032   0x00000002   PAD
    0x08008034   0x08008034   0x00000014   Data   RO         2328    .rodata.SD_Driver   sd_diskio.o
    0x08008048   0x08008048   0x00000020   Data   RO         2913    Region$$Table       anon$$obj.o


    Execution Region RW_IRAM1 (Exec base: 0x20000000, Load base: 0x08008068, Size: 0x00004fd0, Max: 0x00020000, ABSOLUTE)

    Exec Addr    Load Addr    Size         Type   Attr      Idx    E Section Name        Object

    0x20000000   0x08008068   0x00000001   Data   RW         2329    .data.Stat          sd_diskio.o
    0x20000001   0x08008069   0x00000003   PAD
    0x20000004   0x0800806c   0x00000004   Data   RW         2203    .data.SystemCoreClock  system_stm32f4xx.o
    0x20000008   0x08008070   0x00000001   Data   RW         1362    .data.uwTickFreq    stm32f4xx_hal.o
    0x20000009   0x08008071   0x00000003   PAD
    0x2000000c   0x08008074   0x00000004   Data   RW         1361    .data.uwTickPrio    stm32f4xx_hal.o
    0x20000010   0x08008078   0x00000004   Data   RW          598    .data.uxCriticalNesting  port.o
    0x20000014   0x0800807c   0x00000004   PAD
    0x20000018        -       0x00000060   Zero   RW         2698    .bss                c_w.l(libspace.o)
    0x20000078        -       0x00000010   Zero   RW          746    .bss.AD_buff        encoder.o
    0x20000088        -       0x00000002   Zero   RW          699    .bss.AVERAGE_SPEED  proximity_task.o
    0x2000008a   0x0800807c   0x00000002   PAD
    0x2000008c        -       0x0000000c   Zero   RW          676    .bss.AcclerationData_Float  imu_task.o
    0x20000098        -       0x00000004   Zero   RW           53    .bss.CAN_Task5_Handle  main.o
    0x2000009c        -       0x00000004   Zero   RW          707    .bss.Difference_Channel_1  proximity_task.o
    0x200000a0        -       0x00000004   Zero   RW          710    .bss.Difference_Channel_2  proximity_task.o
    0x200000a4        -       0x00000004   Zero   RW          713    .bss.Difference_Channel_3  proximity_task.o
    0x200000a8        -       0x00000004   Zero   RW          716    .bss.Difference_Channel_4  proximity_task.o
    0x200000ac        -       0x00000006   Zero   RW          677    .bss.DividedAcclerationData  imu_task.o
    0x200000b2        -       0x00000006   Zero   RW          675    .bss.DividedEulerAngles  imu_task.o
    0x200000b8        -       0x0000000c   Zero   RW          674    .bss.EulerAngles_Float  imu_task.o
    0x200000c4        -       0x00000004   Zero   RW          678    .bss.GLOB_hcan      imu_task.o
    0x200000c8        -       0x00000004   Zero   RW          789    .bss.GLOB_hcan      can_task.o
    0x200000cc        -       0x00000004   Zero   RW          659    .bss.Glob_hi2c      bno055_program.o
    0x200000d0        -       0x00000004   Zero   RW          705    .bss.IC_Value1_Channel_1  proximity_task.o
    0x200000d4        -       0x00000004   Zero   RW          708    .bss.IC_Value1_Channel_2  proximity_task.o
    0x200000d8        -       0x00000004   Zero   RW          711    .bss.IC_Value1_Channel_3  proximity_task.o
    0x200000dc        -       0x00000004   Zero   RW          714    .bss.IC_Value1_Channel_4  proximity_task.o
    0x200000e0        -       0x00000004   Zero   RW          706    .bss.IC_Value2_Channel_1  proximity_task.o
    0x200000e4        -       0x00000004   Zero   RW          709    .bss.IC_Value2_Channel_2  proximity_task.o
    0x200000e8        -       0x00000004   Zero   RW          712    .bss.IC_Value2_Channel_3  proximity_task.o
    0x200000ec        -       0x00000004   Zero   RW          715    .bss.IC_Value2_Channel_4  proximity_task.o
    0x200000f0        -       0x00000004   Zero   RW           51    .bss.IMU_Task1_Handle  main.o
    0x200000f4        -       0x00000001   Zero   RW          717    .bss.Is_Captured_Channel_1  proximity_task.o
    0x200000f5        -       0x00000001   Zero   RW          718    .bss.Is_Captured_Channel_2  proximity_task.o
    0x200000f6        -       0x00000001   Zero   RW          719    .bss.Is_Captured_Channel_3  proximity_task.o
    0x200000f7        -       0x00000001   Zero   RW          720    .bss.Is_Captured_Channel_4  proximity_task.o
    0x200000f8        -       0x00000010   Zero   RW          660    .bss.LOC_WXYZ_Data  bno055_program.o
    0x20000108        -       0x00000004   Zero   RW          761    .bss.Message_ENCODER_AND_PROXIMITY_ANGLE  encoder_task.o
    0x2000010c        -       0x00000004   Zero   RW           59    .bss.Proximity_Task2_Handle  main.o
    0x20000110        -       0x00000004   Zero   RW         2343    .bss.SDPath         fatfs.o
    0x20000114        -       0x00000008   Zero   RW          700    .bss.WHEELS_RPM     proximity_task.o
    0x2000011c        -       0x00000002   Zero   RW          760    .bss.angle          encoder_task.o
    0x2000011e   0x0800807c   0x00000002   PAD
    0x20000120        -       0x0000000c   Zero   RW         2525    .bss.disk           ff_gen_drv.o
    0x2000012c        -       0x00000002   Zero   RW          701    .bss.frequency_Channel_1  proximity_task.o
    0x2000012e        -       0x00000002   Zero   RW          702    .bss.frequency_Channel_2  proximity_task.o
    0x20000130        -       0x00000002   Zero   RW          703    .bss.frequency_Channel_3  proximity_task.o
    0x20000132        -       0x00000002   Zero   RW          704    .bss.frequency_Channel_4  proximity_task.o
    0x20000134        -       0x00000048   Zero   RW           54    .bss.hadc1          main.o
    0x2000017c        -       0x00000028   Zero   RW           46    .bss.hcan1          main.o
    0x200001a4        -       0x00000060   Zero   RW           55    .bss.hdma_adc1      main.o
    0x20000204        -       0x00000054   Zero   RW           50    .bss.hi2c1          main.o
    0x20000258        -       0x00000084   Zero   RW           56    .bss.hsd            main.o
    0x200002dc        -       0x00000048   Zero   RW           57    .bss.htim1          main.o
    0x20000324        -       0x00000048   Zero   RW           58    .bss.htim2          main.o
    0x2000036c        -       0x00000048   Zero   RW          138    .bss.htim6          stm32f4xx_hal_timebase_tim.o
    0x200003b4        -       0x00000004   Zero   RW          775    .bss.length         travel_task.o
    0x200003b8        -       0x00000004   Zero   RW          558    .bss.prvSampleTimeNow.xLastTime  timers.o
    0x200003bc        -       0x00000004   Zero   RW          472    .bss.pxCurrentTCB   tasks.o
    0x200003c0        -       0x00000004   Zero   RW          556    .bss.pxCurrentTimerList  timers.o
    0x200003c4        -       0x00000004   Zero   RW          482    .bss.pxDelayedTaskList  tasks.o
    0x200003c8        -       0x00000004   Zero   RW          624    .bss.pxEnd          heap_4.o
    0x200003cc        -       0x00000004   Zero   RW          483    .bss.pxOverflowDelayedTaskList  tasks.o
    0x200003d0        -       0x00000004   Zero   RW          557    .bss.pxOverflowTimerList  timers.o
    0x200003d4        -       0x000000c8   Zero   RW          473    .bss.pxReadyTasksLists  tasks.o
    0x2000049c        -       0x00000001   Zero   RW         2344    .bss.retSD          fatfs.o
    0x2000049d   0x0800807c   0x00000003   PAD
    0x200004a0        -       0x00000004   Zero   RW           52    .bss.status         main.o
    0x200004a4        -       0x00004400   Zero   RW          631    .bss.ucHeap         heap_4.o
    0x200048a4        -       0x00000001   Zero   RW          596    .bss.ucMaxSysCallPriority  port.o
    0x200048a5   0x0800807c   0x00000003   PAD
    0x200048a8        -       0x00000004   Zero   RW          597    .bss.ulMaxPRIGROUPValue  port.o
    0x200048ac        -       0x00000004   Zero   RW         1363    .bss.uwTick         stm32f4xx_hal.o
    0x200048b0        -       0x00000004   Zero   RW          478    .bss.uxCurrentNumberOfTasks  tasks.o
    0x200048b4        -       0x00000004   Zero   RW          477    .bss.uxDeletedTasksWaitingCleanUp  tasks.o
    0x200048b8        -       0x00000004   Zero   RW          480    .bss.uxSchedulerSuspended  tasks.o
    0x200048bc        -       0x00000004   Zero   RW          475    .bss.uxTaskNumber   tasks.o
    0x200048c0        -       0x00000004   Zero   RW          474    .bss.uxTopReadyPriority  tasks.o
    0x200048c4        -       0x00000014   Zero   RW          559    .bss.xActiveTimerList1  timers.o
    0x200048d8        -       0x00000014   Zero   RW          560    .bss.xActiveTimerList2  timers.o
    0x200048ec        -       0x00000001   Zero   RW          625    .bss.xBlockAllocatedBit  heap_4.o
    0x200048ed   0x0800807c   0x00000003   PAD
    0x200048f0        -       0x00000014   Zero   RW          491    .bss.xDelayedTaskList1  tasks.o
    0x20004904        -       0x00000014   Zero   RW          492    .bss.xDelayedTaskList2  tasks.o
    0x20004918        -       0x00000004   Zero   RW          626    .bss.xFreeBytesRemaining  heap_4.o
    0x2000491c        -       0x00000004   Zero   RW          486    .bss.xIdleTaskHandle  tasks.o
    0x20004920        -       0x00000004   Zero   RW          628    .bss.xMinimumEverFreeBytesRemaining  heap_4.o
    0x20004924        -       0x00000004   Zero   RW          487    .bss.xNextTaskUnblockTime  tasks.o
    0x20004928        -       0x00000004   Zero   RW          490    .bss.xNumOfOverflows  tasks.o
    0x2000492c        -       0x00000004   Zero   RW          629    .bss.xNumberOfSuccessfulAllocations  heap_4.o
    0x20004930        -       0x00000004   Zero   RW          630    .bss.xNumberOfSuccessfulFrees  heap_4.o
    0x20004934        -       0x00000004   Zero   RW          489    .bss.xPendedTicks   tasks.o
    0x20004938        -       0x00000014   Zero   RW          485    .bss.xPendingReadyList  tasks.o
    0x2000494c        -       0x00000040   Zero   RW          275    .bss.xQueueRegistry  queue.o
    0x2000498c        -       0x00000004   Zero   RW          479    .bss.xSchedulerRunning  tasks.o
    0x20004990        -       0x00000008   Zero   RW          627    .bss.xStart         heap_4.o
    0x20004998        -       0x00000014   Zero   RW          484    .bss.xSuspendedTaskList  tasks.o
    0x200049ac        -       0x00000014   Zero   RW          476    .bss.xTasksWaitingTermination  tasks.o
    0x200049c0        -       0x00000004   Zero   RW          481    .bss.xTickCount     tasks.o
    0x200049c4        -       0x00000004   Zero   RW          554    .bss.xTimerQueue    timers.o
    0x200049c8        -       0x00000004   Zero   RW          555    .bss.xTimerTaskHandle  timers.o
    0x200049cc        -       0x00000004   Zero   RW          488    .bss.xYieldPending  tasks.o
    0x200049d0        -       0x00000200   Zero   RW            2    HEAP                startup_stm32f446xx.o
    0x20004bd0        -       0x00000400   Zero   RW            1    STACK               startup_stm32f446xx.o


==============================================================================

Image component sizes


      Code (inc. data)   RO Data    RW Data    ZI Data      Debug   Object Name

      1950         54          0          0         20      11020   bno055_program.o
       158          0          0          0          0       6443   bsp_driver_sd.o
       288          0          0          0          4       3531   can_task.o
        22          0          0          0         16       2132   encoder.o
         0          0          0          0          6       2813   encoder_task.o
        34          0          0          0          5       1837   fatfs.o
        86          0          0          0         12       2434   ff_gen_drv.o
       668          0          0          0      17437       4421   heap_4.o
       278          4          0          0         40       6405   imu_task.o
       154          0          0          0          0       2016   list.o
      1332         24          0          0        584      15459   main.o
       884         16          0          4          5       3862   port.o
       704          0          0          0         70       8259   proximity_task.o
      1654          0          0          0         64      18516   queue.o
       232          4         20          1          0       3106   sd_diskio.o
        64         26        452          0       1536        856   startup_stm32f446xx.o
       132          0          0          5          4       7440   stm32f4xx_hal.o
      1112          0          0          0          0      10336   stm32f4xx_hal_adc.o
       510          0          0          0          0      12150   stm32f4xx_hal_can.o
       198          0          0          0          0       9878   stm32f4xx_hal_cortex.o
       502         12          0          0          0       8548   stm32f4xx_hal_dma.o
       700          0          0          0          0       5094   stm32f4xx_hal_gpio.o
      2378          0          0          0          0      36803   stm32f4xx_hal_i2c.o
      1146          0          0          0          0      15819   stm32f4xx_hal_msp.o
       496          0          0          0          0       7287   stm32f4xx_hal_rcc.o
      2148          4          0          0          0      10424   stm32f4xx_hal_rcc_ex.o
      2066          0          0          0          0      22542   stm32f4xx_hal_sd.o
      1740          8          0          0          0      39946   stm32f4xx_hal_tim.o
       188          0          0          0          0      17278   stm32f4xx_hal_tim_ex.o
       142          0          0          0         72       7280   stm32f4xx_hal_timebase_tim.o
        36          0          0          0          0        966   stm32f4xx_it.o
      1766          0          0          0          0      12860   stm32f4xx_ll_sdmmc.o
        26          0         24          4          0       2677   system_stm32f4xx.o
      2790         14          0          0        360      27645   tasks.o
      1130         26          0          0         60      11340   timers.o
         2          0          0          0          4       2759   travel_task.o

    ----------------------------------------------------------------------
     27964        192        530         20      20316     362182   Object Totals
         0          0         32          0          0          0   (incl. Generated)
       248          0          2          6         17          0   (incl. Padding)

    ----------------------------------------------------------------------

      Code (inc. data)   RO Data    RW Data    ZI Data      Debug   Library Member Name

         8          0          0          0          0         68   __main.o
         0          0          0          0          0          0   __rtentry.o
        12          0          0          0          0          0   __rtentry2.o
         6          0          0          0          0          0   __rtentry4.o
        52          8          0          0          0          0   __scatter.o
        26          0          0          0          0          0   __scatter_copy.o
        28          0          0          0          0          0   __scatter_zi.o
        22          0          0          0          0        100   _rserrno.o
        16          0          0          0          0         68   aeabi_memset4.o
        18          0          0          0          0         80   exit.o
         6          0          0          0          0        152   heapauxi.o
         0          0          0          0          0          0   indicate_semi.o
         2          0          0          0          0          0   libinit.o
         6          0          0          0          0          0   libinit2.o
         2          0          0          0          0          0   libshutdown.o
         2          0          0          0          0          0   libshutdown2.o
         8          4          0          0         96         68   libspace.o
       240          0          0          0          0        100   lludivv7m.o
         8          4          0          0          0         68   rt_errno_addr_intlibspace.o
        78          0          0          0          0         80   rt_memclr_w.o
       138          0          0          0          0         68   rt_memcpy_v6.o
       100          0          0          0          0         80   rt_memcpy_w.o
         2          0          0          0          0          0   rtexit.o
        10          0          0          0          0          0   rtexit2.o
        12          4          0          0          0         68   sys_exit.o
        74          0          0          0          0         80   sys_stackheap_outer.o
         2          0          0          0          0         68   use_no_semi.o
        98          4          0          0          0        140   d2f.o
       804         16          0          0          0        376   daddsub_clz.o
       688        140          0          0          0        264   ddiv.o
       340         12          0          0          0        152   dmul.o
       156          4          0          0          0        140   dnaninf.o
        12          0          0          0          0        116   dretinf.o
        86          4          0          0          0        132   f2d.o
       140          4          0          0          0        132   fnaninf.o
        26          0          0          0          0        116   fpinit.o
        10          0          0          0          0        116   fretinf.o
         0          0          0          0          0          0   usenofp.o
       300         42          0          0          0        176   asinf.o
       684         90          0          0          0        208   atan2f.o
        38          0          0          0          0        116   fpclassifyf.o
        44         12          0          0          0        464   funder.o
        62          0          0          0          0        136   sqrtf.o

    ----------------------------------------------------------------------
      4378        348          0          0         96       3932   Library Totals
        12          0          0          0          0          0   (incl. Padding)

    ----------------------------------------------------------------------

      Code (inc. data)   RO Data    RW Data    ZI Data      Debug   Library Name

       878         20          0          0         96       1148   c_w.l
      2360        184          0          0          0       1684   fz_wm.l
      1128        144          0          0          0       1100   m_wm.l

    ----------------------------------------------------------------------
      4378        348          0          0         96       3932   Library Totals

    ----------------------------------------------------------------------

==============================================================================


      Code (inc. data)   RO Data    RW Data    ZI Data      Debug   

     32342        540        530         20      20412     363366   Grand Totals
     32342        540        530         20      20412     363366   ELF Image Totals
     32342        540        530         20          0          0   ROM Totals

==============================================================================

    Total RO  Size (Code + RO Data)                32872 (  32.10kB)
    Total RW  Size (RW Data + ZI Data)             20432 (  19.95kB)
    Total ROM Size (Code + RO Data + RW Data)      32892 (  32.12kB)

==============================================================================

